Archive member included to satisfy reference by file (symbol)

/opt/st/stm32cubeide_1.14.0/plugins/com.st.stm32cube.ide.mcu.externaltools.gnu-tools-for-stm32.11.3.rel1.linux64_1.1.100.202309141235/tools/bin/../lib/gcc/arm-none-eabi/11.3.1/../../../../arm-none-eabi/lib/thumb/v7e-m+fp/hard/libc_nano.a(libc_a-exit.o)
                              /opt/st/stm32cubeide_1.14.0/plugins/com.st.stm32cube.ide.mcu.externaltools.gnu-tools-for-stm32.11.3.rel1.linux64_1.1.100.202309141235/tools/bin/../lib/gcc/arm-none-eabi/11.3.1/../../../../arm-none-eabi/lib/thumb/v7e-m+fp/hard/crt0.o (exit)
/opt/st/stm32cubeide_1.14.0/plugins/com.st.stm32cube.ide.mcu.externaltools.gnu-tools-for-stm32.11.3.rel1.linux64_1.1.100.202309141235/tools/bin/../lib/gcc/arm-none-eabi/11.3.1/../../../../arm-none-eabi/lib/thumb/v7e-m+fp/hard/libc_nano.a(libc_a-realloc.o)
                              ./Core/Src/mainpp.o (realloc)
/opt/st/stm32cubeide_1.14.0/plugins/com.st.stm32cube.ide.mcu.externaltools.gnu-tools-for-stm32.11.3.rel1.linux64_1.1.100.202309141235/tools/bin/../lib/gcc/arm-none-eabi/11.3.1/../../../../arm-none-eabi/lib/thumb/v7e-m+fp/hard/libc_nano.a(libc_a-reallocr.o)
                              /opt/st/stm32cubeide_1.14.0/plugins/com.st.stm32cube.ide.mcu.externaltools.gnu-tools-for-stm32.11.3.rel1.linux64_1.1.100.202309141235/tools/bin/../lib/gcc/arm-none-eabi/11.3.1/../../../../arm-none-eabi/lib/thumb/v7e-m+fp/hard/libc_nano.a(libc_a-realloc.o) (_realloc_r)
/opt/st/stm32cubeide_1.14.0/plugins/com.st.stm32cube.ide.mcu.externaltools.gnu-tools-for-stm32.11.3.rel1.linux64_1.1.100.202309141235/tools/bin/../lib/gcc/arm-none-eabi/11.3.1/../../../../arm-none-eabi/lib/thumb/v7e-m+fp/hard/libc_nano.a(libc_a-findfp.o)
                              /opt/st/stm32cubeide_1.14.0/plugins/com.st.stm32cube.ide.mcu.externaltools.gnu-tools-for-stm32.11.3.rel1.linux64_1.1.100.202309141235/tools/bin/../lib/gcc/arm-none-eabi/11.3.1/../../../../arm-none-eabi/lib/thumb/v7e-m+fp/hard/libc_nano.a(libc_a-exit.o) (__stdio_exit_handler)
/opt/st/stm32cubeide_1.14.0/plugins/com.st.stm32cube.ide.mcu.externaltools.gnu-tools-for-stm32.11.3.rel1.linux64_1.1.100.202309141235/tools/bin/../lib/gcc/arm-none-eabi/11.3.1/../../../../arm-none-eabi/lib/thumb/v7e-m+fp/hard/libc_nano.a(libc_a-fwalk.o)
                              /opt/st/stm32cubeide_1.14.0/plugins/com.st.stm32cube.ide.mcu.externaltools.gnu-tools-for-stm32.11.3.rel1.linux64_1.1.100.202309141235/tools/bin/../lib/gcc/arm-none-eabi/11.3.1/../../../../arm-none-eabi/lib/thumb/v7e-m+fp/hard/libc_nano.a(libc_a-findfp.o) (_fwalk_sglue)
/opt/st/stm32cubeide_1.14.0/plugins/com.st.stm32cube.ide.mcu.externaltools.gnu-tools-for-stm32.11.3.rel1.linux64_1.1.100.202309141235/tools/bin/../lib/gcc/arm-none-eabi/11.3.1/../../../../arm-none-eabi/lib/thumb/v7e-m+fp/hard/libc_nano.a(libc_a-stdio.o)
                              /opt/st/stm32cubeide_1.14.0/plugins/com.st.stm32cube.ide.mcu.externaltools.gnu-tools-for-stm32.11.3.rel1.linux64_1.1.100.202309141235/tools/bin/../lib/gcc/arm-none-eabi/11.3.1/../../../../arm-none-eabi/lib/thumb/v7e-m+fp/hard/libc_nano.a(libc_a-findfp.o) (__sread)
/opt/st/stm32cubeide_1.14.0/plugins/com.st.stm32cube.ide.mcu.externaltools.gnu-tools-for-stm32.11.3.rel1.linux64_1.1.100.202309141235/tools/bin/../lib/gcc/arm-none-eabi/11.3.1/../../../../arm-none-eabi/lib/thumb/v7e-m+fp/hard/libc_nano.a(libc_a-memset.o)
                              /opt/st/stm32cubeide_1.14.0/plugins/com.st.stm32cube.ide.mcu.externaltools.gnu-tools-for-stm32.11.3.rel1.linux64_1.1.100.202309141235/tools/bin/../lib/gcc/arm-none-eabi/11.3.1/../../../../arm-none-eabi/lib/thumb/v7e-m+fp/hard/crt0.o (memset)
/opt/st/stm32cubeide_1.14.0/plugins/com.st.stm32cube.ide.mcu.externaltools.gnu-tools-for-stm32.11.3.rel1.linux64_1.1.100.202309141235/tools/bin/../lib/gcc/arm-none-eabi/11.3.1/../../../../arm-none-eabi/lib/thumb/v7e-m+fp/hard/libc_nano.a(libc_a-closer.o)
                              /opt/st/stm32cubeide_1.14.0/plugins/com.st.stm32cube.ide.mcu.externaltools.gnu-tools-for-stm32.11.3.rel1.linux64_1.1.100.202309141235/tools/bin/../lib/gcc/arm-none-eabi/11.3.1/../../../../arm-none-eabi/lib/thumb/v7e-m+fp/hard/libc_nano.a(libc_a-stdio.o) (_close_r)
/opt/st/stm32cubeide_1.14.0/plugins/com.st.stm32cube.ide.mcu.externaltools.gnu-tools-for-stm32.11.3.rel1.linux64_1.1.100.202309141235/tools/bin/../lib/gcc/arm-none-eabi/11.3.1/../../../../arm-none-eabi/lib/thumb/v7e-m+fp/hard/libc_nano.a(libc_a-reent.o)
                              /opt/st/stm32cubeide_1.14.0/plugins/com.st.stm32cube.ide.mcu.externaltools.gnu-tools-for-stm32.11.3.rel1.linux64_1.1.100.202309141235/tools/bin/../lib/gcc/arm-none-eabi/11.3.1/../../../../arm-none-eabi/lib/thumb/v7e-m+fp/hard/libc_nano.a(libc_a-closer.o) (errno)
[...]
Memory Configuration

Name             Origin             Length             Attributes
RAM              0x0000000020000000 0x0000000000020000 xrw
FLASH            0x0000000008000000 0x0000000000080000 xr
*default*        0x0000000000000000 0xffffffffffffffff

Linker script and memory map

LOAD /opt/st/stm32cubeide_1.14.0/plugins/com.st.stm32cube.ide.mcu.externaltools.gnu-tools-for-stm32.11.3.rel1.linux64_1.1.100.202309141235/tools/bin/../lib/gcc/arm-none-eabi/11.3.1/thumb/v7e-m+fp/hard/crti.o
LOAD /opt/st/stm32cubeide_1.14.0/plugins/com.st.stm32cube.ide.mcu.externaltools.gnu-tools-for-stm32.11.3.rel1.linux64_1.1.100.202309141235/tools/bin/../lib/gcc/arm-none-eabi/11.3.1/thumb/v7e-m+fp/hard/crtbegin.o
LOAD /opt/st/stm32cubeide_1.14.0/plugins/com.st.stm32cube.ide.mcu.externaltools.gnu-tools-for-stm32.11.3.rel1.linux64_1.1.100.202309141235/tools/bin/../lib/gcc/arm-none-eabi/11.3.1/../../../../arm-none-eabi/lib/thumb/v7e-m+fp/hard/crt0.o
LOAD ./Core/Src/BufferedSerial.o
LOAD ./Core/Src/duration.o
LOAD ./Core/Src/main.o
LOAD ./Core/Src/mainpp.o
LOAD ./Core/Src/stm32f4xx_hal_msp.o
LOAD ./Core/Src/stm32f4xx_it.o
LOAD ./Core/Src/syscalls.o
LOAD ./Core/Src/sysmem.o
LOAD ./Core/Src/system_stm32f4xx.o
LOAD ./Core/Src/time.o
LOAD ./Core/Startup/startup_stm32f411vetx.o
LOAD ./Drivers/STM32F4xx_HAL_Driver/Src/stm32f4xx_hal.o
LOAD ./Drivers/STM32F4xx_HAL_Driver/Src/stm32f4xx_hal_cortex.o
LOAD ./Drivers/STM32F4xx_HAL_Driver/Src/stm32f4xx_hal_dma.o
LOAD ./Drivers/STM32F4xx_HAL_Driver/Src/stm32f4xx_hal_dma_ex.o
LOAD ./Drivers/STM32F4xx_HAL_Driver/Src/stm32f4xx_hal_exti.o
LOAD ./Drivers/STM32F4xx_HAL_Driver/Src/stm32f4xx_hal_flash.o
LOAD ./Drivers/STM32F4xx_HAL_Driver/Src/stm32f4xx_hal_flash_ex.o
LOAD ./Drivers/STM32F4xx_HAL_Driver/Src/stm32f4xx_hal_flash_ramfunc.o
LOAD ./Drivers/STM32F4xx_HAL_Driver/Src/stm32f4xx_hal_gpio.o
LOAD ./Drivers/STM32F4xx_HAL_Driver/Src/stm32f4xx_hal_pwr.o
LOAD ./Drivers/STM32F4xx_HAL_Driver/Src/stm32f4xx_hal_pwr_ex.o
LOAD ./Drivers/STM32F4xx_HAL_Driver/Src/stm32f4xx_hal_rcc.o
LOAD ./Drivers/STM32F4xx_HAL_Driver/Src/stm32f4xx_hal_rcc_ex.o
LOAD ./Drivers/STM32F4xx_HAL_Driver/Src/stm32f4xx_hal_tim.o
LOAD ./Drivers/STM32F4xx_HAL_Driver/Src/stm32f4xx_hal_tim_ex.o
LOAD ./Drivers/STM32F4xx_HAL_Driver/Src/stm32f4xx_hal_uart.o
START GROUP
LOAD /opt/st/stm32cubeide_1.14.0/plugins/com.st.stm32cube.ide.mcu.externaltools.gnu-tools-for-stm32.11.3.rel1.linux64_1.1.100.202309141235/tools/bin/../lib/gcc/arm-none-eabi/11.3.1/../../../../arm-none-eabi/lib/thumb/v7e-m+fp/hard/libstdc++_nano.a
LOAD /opt/st/stm32cubeide_1.14.0/plugins/com.st.stm32cube.ide.mcu.externaltools.gnu-tools-for-stm32.11.3.rel1.linux64_1.1.100.202309141235/tools/bin/../lib/gcc/arm-none-eabi/11.3.1/../../../../arm-none-eabi/lib/thumb/v7e-m+fp/hard/libsupc++_nano.a
END GROUP
LOAD /opt/st/stm32cubeide_1.14.0/plugins/com.st.stm32cube.ide.mcu.externaltools.gnu-tools-for-stm32.11.3.rel1.linux64_1.1.100.202309141235/tools/bin/../lib/gcc/arm-none-eabi/11.3.1/../../../../arm-none-eabi/lib/thumb/v7e-m+fp/hard/libstdc++_nano.a
LOAD /opt/st/stm32cubeide_1.14.0/plugins/com.st.stm32cube.ide.mcu.externaltools.gnu-tools-for-stm32.11.3.rel1.linux64_1.1.100.202309141235/tools/bin/../lib/gcc/arm-none-eabi/11.3.1/../../../../arm-none-eabi/lib/thumb/v7e-m+fp/hard/libm.a
LOAD /opt/st/stm32cubeide_1.14.0/plugins/com.st.stm32cube.ide.mcu.externaltools.gnu-tools-for-stm32.11.3.rel1.linux64_1.1.100.202309141235/tools/bin/../lib/gcc/arm-none-eabi/11.3.1/../../../../arm-none-eabi/lib/thumb/v7e-m+fp/hard/libc_nano.a
START GROUP
LOAD /opt/st/stm32cubeide_1.14.0/plugins/com.st.stm32cube.ide.mcu.externaltools.gnu-tools-for-stm32.11.3.rel1.linux64_1.1.100.202309141235/tools/bin/../lib/gcc/arm-none-eabi/11.3.1/thumb/v7e-m+fp/hard/libgcc.a
LOAD /opt/st/stm32cubeide_1.14.0/plugins/com.st.stm32cube.ide.mcu.externaltools.gnu-tools-for-stm32.11.3.rel1.linux64_1.1.100.202309141235/tools/bin/../lib/gcc/arm-none-eabi/11.3.1/../../../../arm-none-eabi/lib/thumb/v7e-m+fp/hard/libc_nano.a
END GROUP
START GROUP
LOAD /opt/st/stm32cubeide_1.14.0/plugins/com.st.stm32cube.ide.mcu.externaltools.gnu-tools-for-stm32.11.3.rel1.linux64_1.1.100.202309141235/tools/bin/../lib/gcc/arm-none-eabi/11.3.1/thumb/v7e-m+fp/hard/libgcc.a
LOAD /opt/st/stm32cubeide_1.14.0/plugins/com.st.stm32cube.ide.mcu.externaltools.gnu-tools-for-stm32.11.3.rel1.linux64_1.1.100.202309141235/tools/bin/../lib/gcc/arm-none-eabi/11.3.1/../../../../arm-none-eabi/lib/thumb/v7e-m+fp/hard/libc_nano.a
LOAD /opt/st/stm32cubeide_1.14.0/plugins/com.st.stm32cube.ide.mcu.externaltools.gnu-tools-for-stm32.11.3.rel1.linux64_1.1.100.202309141235/tools/bin/../lib/gcc/arm-none-eabi/11.3.1/../../../../arm-none-eabi/lib/thumb/v7e-m+fp/hard/libnosys.a
END GROUP
START GROUP
LOAD /opt/st/stm32cubeide_1.14.0/plugins/com.st.stm32cube.ide.mcu.externaltools.gnu-tools-for-stm32.11.3.rel1.linux64_1.1.100.202309141235/tools/bin/../lib/gcc/arm-none-eabi/11.3.1/thumb/v7e-m+fp/hard/libgcc.a
LOAD /opt/st/stm32cubeide_1.14.0/plugins/com.st.stm32cube.ide.mcu.externaltools.gnu-tools-for-stm32.11.3.rel1.linux64_1.1.100.202309141235/tools/bin/../lib/gcc/arm-none-eabi/11.3.1/../../../../arm-none-eabi/lib/thumb/v7e-m+fp/hard/libc_nano.a
LOAD /opt/st/stm32cubeide_1.14.0/plugins/com.st.stm32cube.ide.mcu.externaltools.gnu-tools-for-stm32.11.3.rel1.linux64_1.1.100.202309141235/tools/bin/../lib/gcc/arm-none-eabi/11.3.1/../../../../arm-none-eabi/lib/thumb/v7e-m+fp/hard/libnosys.a
END GROUP
LOAD /opt/st/stm32cubeide_1.14.0/plugins/com.st.stm32cube.ide.mcu.externaltools.gnu-tools-for-stm32.11.3.rel1.linux64_1.1.100.202309141235/tools/bin/../lib/gcc/arm-none-eabi/11.3.1/thumb/v7e-m+fp/hard/crtend.o
LOAD /opt/st/stm32cubeide_1.14.0/plugins/com.st.stm32cube.ide.mcu.externaltools.gnu-tools-for-stm32.11.3.rel1.linux64_1.1.100.202309141235/tools/bin/../lib/gcc/arm-none-eabi/11.3.1/thumb/v7e-m+fp/hard/crtn.o
                0x0000000020020000                _estack = (ORIGIN (RAM) + LENGTH (RAM))
                0x0000000000000200                _Min_Heap_Size = 0x200
                0x0000000000000400                _Min_Stack_Size = 0x400

.isr_vector     0x0000000008000000      0x198
                0x0000000008000000                . = ALIGN (0x4)
 *(.isr_vector)
 .isr_vector    0x0000000008000000      0x198 ./Core/Startup/startup_stm32f411vetx.o
                0x0000000008000000                g_pfnVectors
                0x0000000008000198                . = ALIGN (0x4)

.text           0x0000000008000198     0x56d4
                0x0000000008000198                . = ALIGN (0x4)
 *(.text)
 .text          0x0000000008000198       0x40 /opt/st/stm32cubeide_1.14.0/plugins/com.st.stm32cube.ide.mcu.externaltools.gnu-tools-for-stm32.11.3.rel1.linux64_1.1.100.202309141235/tools/bin/../lib/gcc/arm-none-eabi/11.3.1/thumb/v7e-m+fp/hard/crtbegin.o
 .text          0x00000000080001d8       0x10 /opt/st/stm32cubeide_1.14.0/plugins/com.st.stm32cube.ide.mcu.externaltools.gnu-tools-for-stm32.11.3.rel1.linux64_1.1.100.202309141235/tools/bin/../lib/gcc/arm-none-eabi/11.3.1/../../../../arm-none-eabi/lib/thumb/v7e-m+fp/hard/libc_nano.a(libc_a-strlen.o)
                0x00000000080001d8                strlen
 .text          0x00000000080001e8       0x30 /opt/st/stm32cubeide_1.14.0/plugins/com.st.stm32cube.ide.mcu.externaltools.gnu-tools-for-stm32.11.3.rel1.linux64_1.1.100.202309141235/tools/bin/../lib/gcc/arm-none-eabi/11.3.1/thumb/v7e-m+fp/hard/libgcc.a(_aeabi_uldivmod.o)
                0x00000000080001e8                __aeabi_uldivmod
 .text          0x0000000008000218      0x2c8 /opt/st/stm32cubeide_1.14.0/plugins/com.st.stm32cube.ide.mcu.externaltools.gnu-tools-for-stm32.11.3.rel1.linux64_1.1.100.202309141235/tools/bin/../lib/gcc/arm-none-eabi/11.3.1/thumb/v7e-m+fp/hard/libgcc.a(_udivmoddi4.o)
                0x0000000008000218                __udivmoddi4
 .text          0x00000000080004e0        0x4 /opt/st/stm32cubeide_1.14.0/plugins/com.st.stm32cube.ide.mcu.externaltools.gnu-tools-for-stm32.11.3.rel1.linux64_1.1.100.202309141235/tools/bin/../lib/gcc/arm-none-eabi/11.3.1/thumb/v7e-m+fp/hard/libgcc.a(_dvmd_tls.o)
                0x00000000080004e0                __aeabi_ldiv0
                0x00000000080004e0                __aeabi_idiv0
 *(.text*)
 .text._ZN14BufferedSerialC2ER20__UART_HandleTypeDef
                0x00000000080004e4       0x40 ./Core/Src/BufferedSerial.o
                0x00000000080004e4                BufferedSerial::BufferedSerial(__UART_HandleTypeDef&)
                0x00000000080004e4                BufferedSerial::BufferedSerial(__UART_HandleTypeDef&)
 .text._ZN14BufferedSerial4initEv
                0x0000000008000524       0x16 ./Core/Src/BufferedSerial.o
                0x0000000008000524                BufferedSerial::init()
 .text._ZN14BufferedSerial4readEv
                0x000000000800053a       0x6c ./Core/Src/BufferedSerial.o
                0x000000000800053a                BufferedSerial::read()
 .text._ZN14BufferedSerial5writeEPKhi
                0x00000000080005a6       0xae ./Core/Src/BufferedSerial.o
                0x00000000080005a6                BufferedSerial::write(unsigned char const*, int)
 .text._ZN14BufferedSerial15flush_tx_bufferEv
                0x0000000008000654      0x11c ./Core/Src/BufferedSerial.o
                0x0000000008000654                BufferedSerial::flush_tx_buffer()
 .text._ZN14BufferedSerial15reset_rx_bufferEv
                0x0000000008000770       0x22 ./Core/Src/BufferedSerial.o
                0x0000000008000770                BufferedSerial::reset_rx_buffer()
 .text._ZN14BufferedSerial10get_handleEv
                0x0000000008000792       0x18 ./Core/Src/BufferedSerial.o
                0x0000000008000792                BufferedSerial::get_handle()
 *fill*         0x00000000080007aa        0x2 
 .text.HAL_UART_TxCpltCallback
                0x00000000080007ac       0x38 ./Core/Src/BufferedSerial.o
                0x00000000080007ac                HAL_UART_TxCpltCallback
 .text.HAL_UART_RxCpltCallback
                0x00000000080007e4       0x1c ./Core/Src/BufferedSerial.o
                0x00000000080007e4                HAL_UART_RxCpltCallback
 .text._Z41__static_initialization_and_destruction_0ii
                0x0000000008000800       0x34 ./Core/Src/BufferedSerial.o
 .text._GLOBAL__sub_I_buff_serial
                0x0000000008000834       0x10 ./Core/Src/BufferedSerial.o
 .text.main     0x0000000008000844       0x22 ./Core/Src/main.o
                0x0000000008000844                main
 *fill*         0x0000000008000866        0x2 
 .text.SystemClock_Config
                0x0000000008000868       0xd0 ./Core/Src/main.o
                0x0000000008000868                SystemClock_Config
 .text.MX_USART2_UART_Init
                0x0000000008000938       0x54 ./Core/Src/main.o
 .text.MX_DMA_Init
                0x000000000800098c       0x50 ./Core/Src/main.o
 .text.MX_GPIO_Init
                0x00000000080009dc       0x6c ./Core/Src/main.o
 .text.Error_Handler
                0x0000000008000a48        0xa ./Core/Src/main.o
                0x0000000008000a48                Error_Handler
 *fill*         0x0000000008000a52        0x2 
 .text._ZN13STM32HardwareC2Ev
                0x0000000008000a54       0x20 ./Core/Src/mainpp.o
                0x0000000008000a54                STM32Hardware::STM32Hardware()
                0x0000000008000a54                STM32Hardware::STM32Hardware()
 .text._ZN13STM32Hardware4initEv
                0x0000000008000a74       0x1a ./Core/Src/mainpp.o
                0x0000000008000a74                STM32Hardware::init()
 .text._ZN13STM32Hardware4readEv
                0x0000000008000a8e       0x1c ./Core/Src/mainpp.o
                0x0000000008000a8e                STM32Hardware::read()
 .text._ZN13STM32Hardware5writeEPhi
                0x0000000008000aaa       0x22 ./Core/Src/mainpp.o
                0x0000000008000aaa                STM32Hardware::write(unsigned char*, int)
 .text._ZN13STM32Hardware4timeEv
                0x0000000008000acc       0x16 ./Core/Src/mainpp.o
                0x0000000008000acc                STM32Hardware::time()
 .text._ZN3ros4TimeC2Ev
                0x0000000008000ae2       0x22 ./Core/Src/mainpp.o
                0x0000000008000ae2                ros::Time::Time()
                0x0000000008000ae2                ros::Time::Time()
 .text._ZN3ros3MsgC2Ev
                0x0000000008000b04       0x20 ./Core/Src/mainpp.o
                0x0000000008000b04                ros::Msg::Msg()
                0x0000000008000b04                ros::Msg::Msg()
 .text._ZN8std_msgs4TimeC2Ev
                0x0000000008000b24       0x30 ./Core/Src/mainpp.o
                0x0000000008000b24                std_msgs::Time::Time()
                0x0000000008000b24                std_msgs::Time::Time()
 .text._ZNK8std_msgs4Time9serializeEPh
                0x0000000008000b54       0xb0 ./Core/Src/mainpp.o
                0x0000000008000b54                std_msgs::Time::serialize(unsigned char*) const
 .text._ZN8std_msgs4Time11deserializeEPh
                0x0000000008000c04       0xc8 ./Core/Src/mainpp.o
                0x0000000008000c04                std_msgs::Time::deserialize(unsigned char*)
 .text._ZN8std_msgs4Time7getTypeEv
                0x0000000008000ccc       0x1c ./Core/Src/mainpp.o
                0x0000000008000ccc                std_msgs::Time::getType()
 .text._ZN8std_msgs4Time6getMD5Ev
                0x0000000008000ce8       0x1c ./Core/Src/mainpp.o
                0x0000000008000ce8                std_msgs::Time::getMD5()
 .text._ZN14rosserial_msgs9TopicInfoC2Ev
                0x0000000008000d04       0x48 ./Core/Src/mainpp.o
                0x0000000008000d04                rosserial_msgs::TopicInfo::TopicInfo()
                0x0000000008000d04                rosserial_msgs::TopicInfo::TopicInfo()
 .text._ZNK14rosserial_msgs9TopicInfo9serializeEPh
                0x0000000008000d4c      0x136 ./Core/Src/mainpp.o
                0x0000000008000d4c                rosserial_msgs::TopicInfo::serialize(unsigned char*) const
 .text._ZN14rosserial_msgs9TopicInfo11deserializeEPh
                0x0000000008000e82      0x1d0 ./Core/Src/mainpp.o
                0x0000000008000e82                rosserial_msgs::TopicInfo::deserialize(unsigned char*)
 *fill*         0x0000000008001052        0x2 
 .text._ZN14rosserial_msgs9TopicInfo7getTypeEv
                0x0000000008001054       0x1c ./Core/Src/mainpp.o
                0x0000000008001054                rosserial_msgs::TopicInfo::getType()
 .text._ZN14rosserial_msgs9TopicInfo6getMD5Ev
                0x0000000008001070       0x1c ./Core/Src/mainpp.o
                0x0000000008001070                rosserial_msgs::TopicInfo::getMD5()
 .text._ZN14rosserial_msgs3LogC2Ev
                0x000000000800108c       0x34 ./Core/Src/mainpp.o
                0x000000000800108c                rosserial_msgs::Log::Log()
                0x000000000800108c                rosserial_msgs::Log::Log()
 .text._ZNK14rosserial_msgs3Log9serializeEPh
                0x00000000080010c0       0x64 ./Core/Src/mainpp.o
                0x00000000080010c0                rosserial_msgs::Log::serialize(unsigned char*) const
 .text._ZN14rosserial_msgs3Log11deserializeEPh
                0x0000000008001124       0x90 ./Core/Src/mainpp.o
                0x0000000008001124                rosserial_msgs::Log::deserialize(unsigned char*)
 .text._ZN14rosserial_msgs3Log7getTypeEv
                0x00000000080011b4       0x1c ./Core/Src/mainpp.o
                0x00000000080011b4                rosserial_msgs::Log::getType()
 .text._ZN14rosserial_msgs3Log6getMD5Ev
                0x00000000080011d0       0x1c ./Core/Src/mainpp.o
                0x00000000080011d0                rosserial_msgs::Log::getMD5()
 .text._ZN14rosserial_msgs20RequestParamResponseC2Ev
                0x00000000080011ec       0x5c ./Core/Src/mainpp.o
                0x00000000080011ec                rosserial_msgs::RequestParamResponse::RequestParamResponse()
                0x00000000080011ec                rosserial_msgs::RequestParamResponse::RequestParamResponse()
 .text._ZNK14rosserial_msgs20RequestParamResponse9serializeEPh
                0x0000000008001248      0x222 ./Core/Src/mainpp.o
                0x0000000008001248                rosserial_msgs::RequestParamResponse::serialize(unsigned char*) const
 .text._ZN14rosserial_msgs20RequestParamResponse11deserializeEPh
                0x000000000800146a      0x2e2 ./Core/Src/mainpp.o
                0x000000000800146a                rosserial_msgs::RequestParamResponse::deserialize(unsigned char*)
 .text._ZN14rosserial_msgs20RequestParamResponse7getTypeEv
                0x000000000800174c       0x1c ./Core/Src/mainpp.o
                0x000000000800174c                rosserial_msgs::RequestParamResponse::getType()
 .text._ZN14rosserial_msgs20RequestParamResponse6getMD5Ev
                0x0000000008001768       0x1c ./Core/Src/mainpp.o
                0x0000000008001768                rosserial_msgs::RequestParamResponse::getMD5()
 .text._ZN3ros9PublisherC2EPKcPNS_3MsgEi
                0x0000000008001784       0x2e ./Core/Src/mainpp.o
                0x0000000008001784                ros::Publisher::Publisher(char const*, ros::Msg*, int)
                0x0000000008001784                ros::Publisher::Publisher(char const*, ros::Msg*, int)
 .text._ZN3ros9Publisher7publishEPKNS_3MsgE
                0x00000000080017b2       0x28 ./Core/Src/mainpp.o
                0x00000000080017b2                ros::Publisher::publish(ros::Msg const*)
 .text._ZN3ros9Publisher15getEndpointTypeEv
                0x00000000080017da       0x18 ./Core/Src/mainpp.o
                0x00000000080017da                ros::Publisher::getEndpointType()
 *fill*         0x00000000080017f2        0x2 
 .text._ZN8std_msgs5EmptyC2Ev
                0x00000000080017f4       0x24 ./Core/Src/mainpp.o
                0x00000000080017f4                std_msgs::Empty::Empty()
                0x00000000080017f4                std_msgs::Empty::Empty()
 .text._ZNK8std_msgs5Empty9serializeEPh
                0x0000000008001818       0x1c ./Core/Src/mainpp.o
                0x0000000008001818                std_msgs::Empty::serialize(unsigned char*) const
 .text._ZN8std_msgs5Empty11deserializeEPh
                0x0000000008001834       0x1c ./Core/Src/mainpp.o
                0x0000000008001834                std_msgs::Empty::deserialize(unsigned char*)
 .text._ZN8std_msgs5Empty7getTypeEv
                0x0000000008001850       0x1c ./Core/Src/mainpp.o
                0x0000000008001850                std_msgs::Empty::getType()
 .text._ZN8std_msgs5Empty6getMD5Ev
                0x000000000800186c       0x1c ./Core/Src/mainpp.o
                0x000000000800186c                std_msgs::Empty::getMD5()
 .text._ZN8std_msgs6StringC2Ev
                0x0000000008001888       0x30 ./Core/Src/mainpp.o
                0x0000000008001888                std_msgs::String::String()
                0x0000000008001888                std_msgs::String::String()
 .text._ZNK8std_msgs6String9serializeEPh
                0x00000000080018b8       0x52 ./Core/Src/mainpp.o
                0x00000000080018b8                std_msgs::String::serialize(unsigned char*) const
 .text._ZN8std_msgs6String11deserializeEPh
                0x000000000800190a       0x7e ./Core/Src/mainpp.o
                0x000000000800190a                std_msgs::String::deserialize(unsigned char*)
 .text._ZN8std_msgs6String7getTypeEv
                0x0000000008001988       0x1c ./Core/Src/mainpp.o
                0x0000000008001988                std_msgs::String::getType()
 .text._ZN8std_msgs6String6getMD5Ev
                0x00000000080019a4       0x1c ./Core/Src/mainpp.o
                0x00000000080019a4                std_msgs::String::getMD5()
 .text._ZN3ros15NodeHandleBase_C2Ev
                0x00000000080019c0       0x20 ./Core/Src/mainpp.o
                0x00000000080019c0                ros::NodeHandleBase_::NodeHandleBase_()
                0x00000000080019c0                ros::NodeHandleBase_::NodeHandleBase_()
 .text._ZN3ros11NodeHandle_I13STM32HardwareLi25ELi25ELi512ELi512EEC2Ev
                0x00000000080019e0       0xe4 ./Core/Src/mainpp.o
                0x00000000080019e0                ros::NodeHandle_<STM32Hardware, 25, 25, 512, 512>::NodeHandle_()
                0x00000000080019e0                ros::NodeHandle_<STM32Hardware, 25, 25, 512, 512>::NodeHandle_()
 .text._Z6led_cbRKN8std_msgs5EmptyE
                0x0000000008001ac4       0x1c ./Core/Src/mainpp.o
                0x0000000008001ac4                led_cb(std_msgs::Empty const&)
 .text.setup    0x0000000008001ae0       0x2c ./Core/Src/mainpp.o
                0x0000000008001ae0                setup
 .text.loop     0x0000000008001b0c       0x34 ./Core/Src/mainpp.o
                0x0000000008001b0c                loop
 .text._ZN3ros3Msg8varToArrIPhmEEvT_T0_
                0x0000000008001b40       0x3e ./Core/Src/mainpp.o
                0x0000000008001b40                void ros::Msg::varToArr<unsigned char*, unsigned long>(unsigned char*, unsigned long)
 .text._ZN3ros3Msg8arrToVarImPhEEvRT_T0_
                0x0000000008001b7e       0x4c ./Core/Src/mainpp.o
                0x0000000008001b7e                void ros::Msg::arrToVar<unsigned long, unsigned char*>(unsigned long&, unsigned char*)
 *fill*         0x0000000008001bca        0x2 
 .text._ZN3ros11Subscriber_C2Ev
                0x0000000008001bcc       0x20 ./Core/Src/mainpp.o
                0x0000000008001bcc                ros::Subscriber_::Subscriber_()
                0x0000000008001bcc                ros::Subscriber_::Subscriber_()
 .text._ZN3ros10SubscriberIN8std_msgs5EmptyEvEC2EPKcPFvRKS2_Ei
                0x0000000008001bec       0x48 ./Core/Src/mainpp.o
                0x0000000008001bec                ros::Subscriber<std_msgs::Empty, void>::Subscriber(char const*, void (*)(std_msgs::Empty const&), int)
                0x0000000008001bec                ros::Subscriber<std_msgs::Empty, void>::Subscriber(char const*, void (*)(std_msgs::Empty const&), int)
 .text._ZN3ros11NodeHandle_I13STM32HardwareLi25ELi25ELi512ELi512EE8initNodeEv
                0x0000000008001c34       0x3a ./Core/Src/mainpp.o
                0x0000000008001c34                ros::NodeHandle_<STM32Hardware, 25, 25, 512, 512>::initNode()
 .text._ZN3ros11NodeHandle_I13STM32HardwareLi25ELi25ELi512ELi512EE9advertiseERNS_9PublisherE
                0x0000000008001c6e       0x5c ./Core/Src/mainpp.o
                0x0000000008001c6e                ros::NodeHandle_<STM32Hardware, 25, 25, 512, 512>::advertise(ros::Publisher&)
 .text._ZN3ros11NodeHandle_I13STM32HardwareLi25ELi25ELi512ELi512EE9subscribeERNS_11Subscriber_E
                0x0000000008001cca       0x5a ./Core/Src/mainpp.o
                0x0000000008001cca                ros::NodeHandle_<STM32Hardware, 25, 25, 512, 512>::subscribe(ros::Subscriber_&)
 .text._ZN3ros11NodeHandle_I13STM32HardwareLi25ELi25ELi512ELi512EE8spinOnceEv
                0x0000000008001d24      0x3a6 ./Core/Src/mainpp.o
                0x0000000008001d24                ros::NodeHandle_<STM32Hardware, 25, 25, 512, 512>::spinOnce()
 .text._ZN3ros11NodeHandle_I13STM32HardwareLi25ELi25ELi512ELi512EE15requestSyncTimeEv
                0x00000000080020ca       0x3a ./Core/Src/mainpp.o
                0x00000000080020ca                ros::NodeHandle_<STM32Hardware, 25, 25, 512, 512>::requestSyncTime()
 .text._ZN3ros11NodeHandle_I13STM32HardwareLi25ELi25ELi512ELi512EE15negotiateTopicsEv
                0x0000000008002104      0x1c0 ./Core/Src/mainpp.o
                0x0000000008002104                ros::NodeHandle_<STM32Hardware, 25, 25, 512, 512>::negotiateTopics()
 .text._ZN3ros11NodeHandle_I13STM32HardwareLi25ELi25ELi512ELi512EE8syncTimeEPh
                0x00000000080022c4       0x94 ./Core/Src/mainpp.o
                0x00000000080022c4                ros::NodeHandle_<STM32Hardware, 25, 25, 512, 512>::syncTime(unsigned char*)
 .text._ZN3ros11NodeHandle_I13STM32HardwareLi25ELi25ELi512ELi512EE7publishEiPKNS_3MsgE
                0x0000000008002358      0x128 ./Core/Src/mainpp.o
                0x0000000008002358                ros::NodeHandle_<STM32Hardware, 25, 25, 512, 512>::publish(int, ros::Msg const*)
 .text._ZN3ros11NodeHandle_I13STM32HardwareLi25ELi25ELi512ELi512EE6setNowERKNS_4TimeE
                0x0000000008002480       0x7c ./Core/Src/mainpp.o
                0x0000000008002480                ros::NodeHandle_<STM32Hardware, 25, 25, 512, 512>::setNow(ros::Time const&)
 .text._ZN3ros11NodeHandle_I13STM32HardwareLi25ELi25ELi512ELi512EE8logerrorEPKc
                0x00000000080024fc       0x1c ./Core/Src/mainpp.o
                0x00000000080024fc                ros::NodeHandle_<STM32Hardware, 25, 25, 512, 512>::logerror(char const*)
 .text._ZN3ros11NodeHandle_I13STM32HardwareLi25ELi25ELi512ELi512EE3logEcPKc
                0x0000000008002518       0x38 ./Core/Src/mainpp.o
                0x0000000008002518                ros::NodeHandle_<STM32Hardware, 25, 25, 512, 512>::log(char, char const*)
 .text._Z41__static_initialization_and_destruction_0ii
                0x0000000008002550       0x64 ./Core/Src/mainpp.o
 .text._ZN3ros10SubscriberIN8std_msgs5EmptyEvE8callbackEPh
                0x00000000080025b4       0x2a ./Core/Src/mainpp.o
                0x00000000080025b4                ros::Subscriber<std_msgs::Empty, void>::callback(unsigned char*)
 .text._ZN3ros10SubscriberIN8std_msgs5EmptyEvE15getEndpointTypeEv
                0x00000000080025de       0x18 ./Core/Src/mainpp.o
                0x00000000080025de                ros::Subscriber<std_msgs::Empty, void>::getEndpointType()
 .text._ZN3ros10SubscriberIN8std_msgs5EmptyEvE10getMsgTypeEv
                0x00000000080025f6       0x1c ./Core/Src/mainpp.o
                0x00000000080025f6                ros::Subscriber<std_msgs::Empty, void>::getMsgType()
 .text._ZN3ros10SubscriberIN8std_msgs5EmptyEvE9getMsgMD5Ev
                0x0000000008002612       0x1c ./Core/Src/mainpp.o
                0x0000000008002612                ros::Subscriber<std_msgs::Empty, void>::getMsgMD5()
 .text._ZN3ros11NodeHandle_I13STM32HardwareLi25ELi25ELi512ELi512EE9connectedEv
                0x000000000800262e       0x1a ./Core/Src/mainpp.o
                0x000000000800262e                ros::NodeHandle_<STM32Hardware, 25, 25, 512, 512>::connected()
 .text._GLOBAL__sub_I_nh
                0x0000000008002648       0x10 ./Core/Src/mainpp.o
 .text.HAL_MspInit
                0x0000000008002658       0x50 ./Core/Src/stm32f4xx_hal_msp.o
                0x0000000008002658                HAL_MspInit
 .text.HAL_UART_MspInit
                0x00000000080026a8      0x16c ./Core/Src/stm32f4xx_hal_msp.o
                0x00000000080026a8                HAL_UART_MspInit
 .text.NMI_Handler
                0x0000000008002814        0x6 ./Core/Src/stm32f4xx_it.o
                0x0000000008002814                NMI_Handler
 .text.HardFault_Handler
                0x000000000800281a        0x6 ./Core/Src/stm32f4xx_it.o
                0x000000000800281a                HardFault_Handler
 .text.MemManage_Handler
                0x0000000008002820        0x6 ./Core/Src/stm32f4xx_it.o
                0x0000000008002820                MemManage_Handler
 .text.BusFault_Handler
                0x0000000008002826        0x6 ./Core/Src/stm32f4xx_it.o
                0x0000000008002826                BusFault_Handler
 .text.UsageFault_Handler
                0x000000000800282c        0x6 ./Core/Src/stm32f4xx_it.o
                0x000000000800282c                UsageFault_Handler
 .text.SVC_Handler
                0x0000000008002832        0xe ./Core/Src/stm32f4xx_it.o
                0x0000000008002832                SVC_Handler
 .text.DebugMon_Handler
                0x0000000008002840        0xe ./Core/Src/stm32f4xx_it.o
                0x0000000008002840                DebugMon_Handler
 .text.PendSV_Handler
                0x000000000800284e        0xe ./Core/Src/stm32f4xx_it.o
                0x000000000800284e                PendSV_Handler
 .text.SysTick_Handler
                0x000000000800285c        0xc ./Core/Src/stm32f4xx_it.o
                0x000000000800285c                SysTick_Handler
 .text.DMA1_Stream5_IRQHandler
                0x0000000008002868       0x14 ./Core/Src/stm32f4xx_it.o
                0x0000000008002868                DMA1_Stream5_IRQHandler
 .text.DMA1_Stream6_IRQHandler
                0x000000000800287c       0x14 ./Core/Src/stm32f4xx_it.o
                0x000000000800287c                DMA1_Stream6_IRQHandler
 .text.USART2_IRQHandler
                0x0000000008002890       0x14 ./Core/Src/stm32f4xx_it.o
                0x0000000008002890                USART2_IRQHandler
 .text._sbrk    0x00000000080028a4       0x6c ./Core/Src/sysmem.o
                0x00000000080028a4                _sbrk
 .text.SystemInit
                0x0000000008002910       0x24 ./Core/Src/system_stm32f4xx.o
                0x0000000008002910                SystemInit
 .text._ZN3ros16normalizeSecNSecERmS0_
                0x0000000008002934       0x58 ./Core/Src/time.o
                0x0000000008002934                ros::normalizeSecNSec(unsigned long&, unsigned long&)
 .text.Reset_Handler
                0x000000000800298c       0x50 ./Core/Startup/startup_stm32f411vetx.o
                0x000000000800298c                Reset_Handler
 .text.Default_Handler
                0x00000000080029dc        0x2 ./Core/Startup/startup_stm32f411vetx.o
                0x00000000080029dc                RTC_Alarm_IRQHandler
                0x00000000080029dc                EXTI2_IRQHandler
                0x00000000080029dc                SPI4_IRQHandler
                0x00000000080029dc                TIM1_CC_IRQHandler
                0x00000000080029dc                DMA2_Stream5_IRQHandler
                0x00000000080029dc                PVD_IRQHandler
                0x00000000080029dc                SDIO_IRQHandler
                0x00000000080029dc                TAMP_STAMP_IRQHandler
                0x00000000080029dc                EXTI3_IRQHandler
                0x00000000080029dc                TIM1_UP_TIM10_IRQHandler
                0x00000000080029dc                I2C3_ER_IRQHandler
                0x00000000080029dc                EXTI0_IRQHandler
                0x00000000080029dc                I2C2_EV_IRQHandler
                0x00000000080029dc                DMA1_Stream2_IRQHandler
                0x00000000080029dc                FPU_IRQHandler
                0x00000000080029dc                DMA2_Stream2_IRQHandler
                0x00000000080029dc                SPI1_IRQHandler
                0x00000000080029dc                TIM1_BRK_TIM9_IRQHandler
                0x00000000080029dc                DMA2_Stream3_IRQHandler
                0x00000000080029dc                USART6_IRQHandler
                0x00000000080029dc                DMA2_Stream0_IRQHandler
                0x00000000080029dc                TIM4_IRQHandler
                0x00000000080029dc                I2C1_EV_IRQHandler
                0x00000000080029dc                DMA1_Stream1_IRQHandler
                0x00000000080029dc                TIM3_IRQHandler
                0x00000000080029dc                RCC_IRQHandler
                0x00000000080029dc                Default_Handler
                0x00000000080029dc                EXTI15_10_IRQHandler
                0x00000000080029dc                ADC_IRQHandler
                0x00000000080029dc                DMA1_Stream7_IRQHandler
                0x00000000080029dc                SPI5_IRQHandler
                0x00000000080029dc                TIM5_IRQHandler
                0x00000000080029dc                DMA2_Stream7_IRQHandler
                0x00000000080029dc                I2C3_EV_IRQHandler
                0x00000000080029dc                EXTI9_5_IRQHandler
                0x00000000080029dc                RTC_WKUP_IRQHandler
                0x00000000080029dc                SPI2_IRQHandler
                0x00000000080029dc                DMA1_Stream0_IRQHandler
                0x00000000080029dc                EXTI4_IRQHandler
                0x00000000080029dc                WWDG_IRQHandler
                0x00000000080029dc                TIM2_IRQHandler
                0x00000000080029dc                OTG_FS_WKUP_IRQHandler
                0x00000000080029dc                TIM1_TRG_COM_TIM11_IRQHandler
                0x00000000080029dc                EXTI1_IRQHandler
                0x00000000080029dc                I2C2_ER_IRQHandler
                0x00000000080029dc                DMA2_Stream1_IRQHandler
                0x00000000080029dc                FLASH_IRQHandler
                0x00000000080029dc                DMA2_Stream4_IRQHandler
                0x00000000080029dc                USART1_IRQHandler
                0x00000000080029dc                OTG_FS_IRQHandler
                0x00000000080029dc                SPI3_IRQHandler
                0x00000000080029dc                DMA1_Stream4_IRQHandler
                0x00000000080029dc                I2C1_ER_IRQHandler
                0x00000000080029dc                DMA2_Stream6_IRQHandler
                0x00000000080029dc                DMA1_Stream3_IRQHandler
 *fill*         0x00000000080029de        0x2 
 .text.HAL_Init
                0x00000000080029e0       0x44 ./Drivers/STM32F4xx_HAL_Driver/Src/stm32f4xx_hal.o
                0x00000000080029e0                HAL_Init
 .text.HAL_InitTick
                0x0000000008002a24       0x60 ./Drivers/STM32F4xx_HAL_Driver/Src/stm32f4xx_hal.o
                0x0000000008002a24                HAL_InitTick
 .text.HAL_IncTick
                0x0000000008002a84       0x28 ./Drivers/STM32F4xx_HAL_Driver/Src/stm32f4xx_hal.o
                0x0000000008002a84                HAL_IncTick
 .text.HAL_GetTick
                0x0000000008002aac       0x18 ./Drivers/STM32F4xx_HAL_Driver/Src/stm32f4xx_hal.o
                0x0000000008002aac                HAL_GetTick
 .text.HAL_Delay
                0x0000000008002ac4       0x48 ./Drivers/STM32F4xx_HAL_Driver/Src/stm32f4xx_hal.o
                0x0000000008002ac4                HAL_Delay
 .text.__NVIC_SetPriorityGrouping
                0x0000000008002b0c       0x48 ./Drivers/STM32F4xx_HAL_Driver/Src/stm32f4xx_hal_cortex.o
 .text.__NVIC_GetPriorityGrouping
                0x0000000008002b54       0x1c ./Drivers/STM32F4xx_HAL_Driver/Src/stm32f4xx_hal_cortex.o
 .text.__NVIC_EnableIRQ
                0x0000000008002b70       0x3c ./Drivers/STM32F4xx_HAL_Driver/Src/stm32f4xx_hal_cortex.o
 .text.__NVIC_SetPriority
                0x0000000008002bac       0x54 ./Drivers/STM32F4xx_HAL_Driver/Src/stm32f4xx_hal_cortex.o
 .text.NVIC_EncodePriority
                0x0000000008002c00       0x66 ./Drivers/STM32F4xx_HAL_Driver/Src/stm32f4xx_hal_cortex.o
 *fill*         0x0000000008002c66        0x2 
 .text.SysTick_Config
                0x0000000008002c68       0x44 ./Drivers/STM32F4xx_HAL_Driver/Src/stm32f4xx_hal_cortex.o
 .text.HAL_NVIC_SetPriorityGrouping
                0x0000000008002cac       0x16 ./Drivers/STM32F4xx_HAL_Driver/Src/stm32f4xx_hal_cortex.o
                0x0000000008002cac                HAL_NVIC_SetPriorityGrouping
 .text.HAL_NVIC_SetPriority
                0x0000000008002cc2       0x38 ./Drivers/STM32F4xx_HAL_Driver/Src/stm32f4xx_hal_cortex.o
                0x0000000008002cc2                HAL_NVIC_SetPriority
 .text.HAL_NVIC_EnableIRQ
                0x0000000008002cfa       0x1c ./Drivers/STM32F4xx_HAL_Driver/Src/stm32f4xx_hal_cortex.o
                0x0000000008002cfa                HAL_NVIC_EnableIRQ
 .text.HAL_SYSTICK_Config
                0x0000000008002d16       0x18 ./Drivers/STM32F4xx_HAL_Driver/Src/stm32f4xx_hal_cortex.o
                0x0000000008002d16                HAL_SYSTICK_Config
 *fill*         0x0000000008002d2e        0x2 
 .text.HAL_DMA_Init
                0x0000000008002d30      0x15c ./Drivers/STM32F4xx_HAL_Driver/Src/stm32f4xx_hal_dma.o
                0x0000000008002d30                HAL_DMA_Init
 .text.HAL_DMA_Start_IT
                0x0000000008002e8c       0xb0 ./Drivers/STM32F4xx_HAL_Driver/Src/stm32f4xx_hal_dma.o
                0x0000000008002e8c                HAL_DMA_Start_IT
 .text.HAL_DMA_Abort
                0x0000000008002f3c       0xe0 ./Drivers/STM32F4xx_HAL_Driver/Src/stm32f4xx_hal_dma.o
                0x0000000008002f3c                HAL_DMA_Abort
 .text.HAL_DMA_Abort_IT
                0x000000000800301c       0x44 ./Drivers/STM32F4xx_HAL_Driver/Src/stm32f4xx_hal_dma.o
                0x000000000800301c                HAL_DMA_Abort_IT
 .text.HAL_DMA_IRQHandler
                0x0000000008003060      0x314 ./Drivers/STM32F4xx_HAL_Driver/Src/stm32f4xx_hal_dma.o
                0x0000000008003060                HAL_DMA_IRQHandler
 .text.DMA_SetConfig
                0x0000000008003374       0x5c ./Drivers/STM32F4xx_HAL_Driver/Src/stm32f4xx_hal_dma.o
 .text.DMA_CalcBaseAndBitshift
                0x00000000080033d0       0x6c ./Drivers/STM32F4xx_HAL_Driver/Src/stm32f4xx_hal_dma.o
 .text.DMA_CheckFifoParam
                0x000000000800343c       0xf8 ./Drivers/STM32F4xx_HAL_Driver/Src/stm32f4xx_hal_dma.o
 .text.HAL_GPIO_Init
                0x0000000008003534      0x308 ./Drivers/STM32F4xx_HAL_Driver/Src/stm32f4xx_hal_gpio.o
                0x0000000008003534                HAL_GPIO_Init
 .text.HAL_GPIO_TogglePin
                0x000000000800383c       0x34 ./Drivers/STM32F4xx_HAL_Driver/Src/stm32f4xx_hal_gpio.o
                0x000000000800383c                HAL_GPIO_TogglePin
 .text.HAL_RCC_OscConfig
                0x0000000008003870      0x4f0 ./Drivers/STM32F4xx_HAL_Driver/Src/stm32f4xx_hal_rcc.o
                0x0000000008003870                HAL_RCC_OscConfig
 .text.HAL_RCC_ClockConfig
                0x0000000008003d60      0x1cc ./Drivers/STM32F4xx_HAL_Driver/Src/stm32f4xx_hal_rcc.o
                0x0000000008003d60                HAL_RCC_ClockConfig
 .text.HAL_RCC_GetSysClockFreq
                0x0000000008003f2c      0x20c ./Drivers/STM32F4xx_HAL_Driver/Src/stm32f4xx_hal_rcc.o
                0x0000000008003f2c                HAL_RCC_GetSysClockFreq
 .text.HAL_RCC_GetHCLKFreq
                0x0000000008004138       0x18 ./Drivers/STM32F4xx_HAL_Driver/Src/stm32f4xx_hal_rcc.o
                0x0000000008004138                HAL_RCC_GetHCLKFreq
 .text.HAL_RCC_GetPCLK1Freq
                0x0000000008004150       0x28 ./Drivers/STM32F4xx_HAL_Driver/Src/stm32f4xx_hal_rcc.o
                0x0000000008004150                HAL_RCC_GetPCLK1Freq
 .text.HAL_RCC_GetPCLK2Freq
                0x0000000008004178       0x28 ./Drivers/STM32F4xx_HAL_Driver/Src/stm32f4xx_hal_rcc.o
                0x0000000008004178                HAL_RCC_GetPCLK2Freq
 .text.HAL_UART_Init
                0x00000000080041a0       0xa0 ./Drivers/STM32F4xx_HAL_Driver/Src/stm32f4xx_hal_uart.o
                0x00000000080041a0                HAL_UART_Init
 .text.HAL_UART_Transmit_DMA
                0x0000000008004240       0xe0 ./Drivers/STM32F4xx_HAL_Driver/Src/stm32f4xx_hal_uart.o
                0x0000000008004240                HAL_UART_Transmit_DMA
 .text.HAL_UART_Receive_DMA
                0x0000000008004320       0x4a ./Drivers/STM32F4xx_HAL_Driver/Src/stm32f4xx_hal_uart.o
                0x0000000008004320                HAL_UART_Receive_DMA
 *fill*         0x000000000800436a        0x2 
 .text.HAL_UART_IRQHandler
                0x000000000800436c      0x524 ./Drivers/STM32F4xx_HAL_Driver/Src/stm32f4xx_hal_uart.o
                0x000000000800436c                HAL_UART_IRQHandler
 .text.HAL_UART_TxHalfCpltCallback
                0x0000000008004890       0x14 ./Drivers/STM32F4xx_HAL_Driver/Src/stm32f4xx_hal_uart.o
                0x0000000008004890                HAL_UART_TxHalfCpltCallback
 .text.HAL_UART_RxHalfCpltCallback
                0x00000000080048a4       0x14 ./Drivers/STM32F4xx_HAL_Driver/Src/stm32f4xx_hal_uart.o
                0x00000000080048a4                HAL_UART_RxHalfCpltCallback
 .text.HAL_UART_ErrorCallback
                0x00000000080048b8       0x14 ./Drivers/STM32F4xx_HAL_Driver/Src/stm32f4xx_hal_uart.o
                0x00000000080048b8                HAL_UART_ErrorCallback
 .text.HAL_UARTEx_RxEventCallback
                0x00000000080048cc       0x18 ./Drivers/STM32F4xx_HAL_Driver/Src/stm32f4xx_hal_uart.o
                0x00000000080048cc                HAL_UARTEx_RxEventCallback
 .text.UART_DMATransmitCplt
                0x00000000080048e4       0x9a ./Drivers/STM32F4xx_HAL_Driver/Src/stm32f4xx_hal_uart.o
 .text.UART_DMATxHalfCplt
                0x000000000800497e       0x1c ./Drivers/STM32F4xx_HAL_Driver/Src/stm32f4xx_hal_uart.o
 .text.UART_DMAReceiveCplt
                0x000000000800499a      0x12c ./Drivers/STM32F4xx_HAL_Driver/Src/stm32f4xx_hal_uart.o
 .text.UART_DMARxHalfCplt
                0x0000000008004ac6       0x3c ./Drivers/STM32F4xx_HAL_Driver/Src/stm32f4xx_hal_uart.o
 .text.UART_DMAError
                0x0000000008004b02       0x94 ./Drivers/STM32F4xx_HAL_Driver/Src/stm32f4xx_hal_uart.o
 *fill*         0x0000000008004b96        0x2 
 .text.UART_Start_Receive_DMA
                0x0000000008004b98      0x134 ./Drivers/STM32F4xx_HAL_Driver/Src/stm32f4xx_hal_uart.o
                0x0000000008004b98                UART_Start_Receive_DMA
 .text.UART_EndTxTransfer
                0x0000000008004ccc       0x50 ./Drivers/STM32F4xx_HAL_Driver/Src/stm32f4xx_hal_uart.o
 .text.UART_EndRxTransfer
                0x0000000008004d1c       0xc6 ./Drivers/STM32F4xx_HAL_Driver/Src/stm32f4xx_hal_uart.o
 .text.UART_DMAAbortOnError
                0x0000000008004de2       0x28 ./Drivers/STM32F4xx_HAL_Driver/Src/stm32f4xx_hal_uart.o
 .text.UART_Transmit_IT
                0x0000000008004e0a       0xa0 ./Drivers/STM32F4xx_HAL_Driver/Src/stm32f4xx_hal_uart.o
 .text.UART_EndTransmit_IT
                0x0000000008004eaa       0x30 ./Drivers/STM32F4xx_HAL_Driver/Src/stm32f4xx_hal_uart.o
 .text.UART_Receive_IT
                0x0000000008004eda      0x17c ./Drivers/STM32F4xx_HAL_Driver/Src/stm32f4xx_hal_uart.o
 *fill*         0x0000000008005056        0x2 
 .text.UART_SetConfig
                0x0000000008005058      0x4e8 ./Drivers/STM32F4xx_HAL_Driver/Src/stm32f4xx_hal_uart.o
 .text.realloc  0x0000000008005540       0x10 /opt/st/stm32cubeide_1.14.0/plugins/com.st.stm32cube.ide.mcu.externaltools.gnu-tools-for-stm32.11.3.rel1.linux64_1.1.100.202309141235/tools/bin/../lib/gcc/arm-none-eabi/11.3.1/../../../../arm-none-eabi/lib/thumb/v7e-m+fp/hard/libc_nano.a(libc_a-realloc.o)
                0x0000000008005540                realloc
 .text._realloc_r
                0x0000000008005550       0x5e /opt/st/stm32cubeide_1.14.0/plugins/com.st.stm32cube.ide.mcu.externaltools.gnu-tools-for-stm32.11.3.rel1.linux64_1.1.100.202309141235/tools/bin/../lib/gcc/arm-none-eabi/11.3.1/../../../../arm-none-eabi/lib/thumb/v7e-m+fp/hard/libc_nano.a(libc_a-reallocr.o)
                0x0000000008005550                _realloc_r
 .text.memset   0x00000000080055ae       0x10 /opt/st/stm32cubeide_1.14.0/plugins/com.st.stm32cube.ide.mcu.externaltools.gnu-tools-for-stm32.11.3.rel1.linux64_1.1.100.202309141235/tools/bin/../lib/gcc/arm-none-eabi/11.3.1/../../../../arm-none-eabi/lib/thumb/v7e-m+fp/hard/libc_nano.a(libc_a-memset.o)
                0x00000000080055ae                memset
 *fill*         0x00000000080055be        0x2 
 .text.__errno  0x00000000080055c0        0xc /opt/st/stm32cubeide_1.14.0/plugins/com.st.stm32cube.ide.mcu.externaltools.gnu-tools-for-stm32.11.3.rel1.linux64_1.1.100.202309141235/tools/bin/../lib/gcc/arm-none-eabi/11.3.1/../../../../arm-none-eabi/lib/thumb/v7e-m+fp/hard/libc_nano.a(libc_a-errno.o)
                0x00000000080055c0                __errno
 .text.__libc_init_array
                0x00000000080055cc       0x48 /opt/st/stm32cubeide_1.14.0/plugins/com.st.stm32cube.ide.mcu.externaltools.gnu-tools-for-stm32.11.3.rel1.linux64_1.1.100.202309141235/tools/bin/../lib/gcc/arm-none-eabi/11.3.1/../../../../arm-none-eabi/lib/thumb/v7e-m+fp/hard/libc_nano.a(libc_a-init.o)
                0x00000000080055cc                __libc_init_array
 .text.__retarget_lock_acquire_recursive
                0x0000000008005614        0x2 /opt/st/stm32cubeide_1.14.0/plugins/com.st.stm32cube.ide.mcu.externaltools.gnu-tools-for-stm32.11.3.rel1.linux64_1.1.100.202309141235/tools/bin/../lib/gcc/arm-none-eabi/11.3.1/../../../../arm-none-eabi/lib/thumb/v7e-m+fp/hard/libc_nano.a(libc_a-lock.o)
                0x0000000008005614                __retarget_lock_acquire_recursive
 .text.__retarget_lock_release_recursive
                0x0000000008005616        0x2 /opt/st/stm32cubeide_1.14.0/plugins/com.st.stm32cube.ide.mcu.externaltools.gnu-tools-for-stm32.11.3.rel1.linux64_1.1.100.202309141235/tools/bin/../lib/gcc/arm-none-eabi/11.3.1/../../../../arm-none-eabi/lib/thumb/v7e-m+fp/hard/libc_nano.a(libc_a-lock.o)
                0x0000000008005616                __retarget_lock_release_recursive
 .text.memcpy   0x0000000008005618       0x1c /opt/st/stm32cubeide_1.14.0/plugins/com.st.stm32cube.ide.mcu.externaltools.gnu-tools-for-stm32.11.3.rel1.linux64_1.1.100.202309141235/tools/bin/../lib/gcc/arm-none-eabi/11.3.1/../../../../arm-none-eabi/lib/thumb/v7e-m+fp/hard/libc_nano.a(libc_a-memcpy-stub.o)
                0x0000000008005618                memcpy
 .text._free_r  0x0000000008005634       0x98 /opt/st/stm32cubeide_1.14.0/plugins/com.st.stm32cube.ide.mcu.externaltools.gnu-tools-for-stm32.11.3.rel1.linux64_1.1.100.202309141235/tools/bin/../lib/gcc/arm-none-eabi/11.3.1/../../../../arm-none-eabi/lib/thumb/v7e-m+fp/hard/libc_nano.a(libc_a-freer.o)
                0x0000000008005634                _free_r
 .text.sbrk_aligned
                0x00000000080056cc       0x40 /opt/st/stm32cubeide_1.14.0/plugins/com.st.stm32cube.ide.mcu.externaltools.gnu-tools-for-stm32.11.3.rel1.linux64_1.1.100.202309141235/tools/bin/../lib/gcc/arm-none-eabi/11.3.1/../../../../arm-none-eabi/lib/thumb/v7e-m+fp/hard/libc_nano.a(libc_a-mallocr.o)
 .text._malloc_r
                0x000000000800570c      0x100 /opt/st/stm32cubeide_1.14.0/plugins/com.st.stm32cube.ide.mcu.externaltools.gnu-tools-for-stm32.11.3.rel1.linux64_1.1.100.202309141235/tools/bin/../lib/gcc/arm-none-eabi/11.3.1/../../../../arm-none-eabi/lib/thumb/v7e-m+fp/hard/libc_nano.a(libc_a-mallocr.o)
                0x000000000800570c                _malloc_r
 .text.__malloc_lock
                0x000000000800580c        0xc /opt/st/stm32cubeide_1.14.0/plugins/com.st.stm32cube.ide.mcu.externaltools.gnu-tools-for-stm32.11.3.rel1.linux64_1.1.100.202309141235/tools/bin/../lib/gcc/arm-none-eabi/11.3.1/../../../../arm-none-eabi/lib/thumb/v7e-m+fp/hard/libc_nano.a(libc_a-mlock.o)
                0x000000000800580c                __malloc_lock
 .text.__malloc_unlock
                0x0000000008005818        0xc /opt/st/stm32cubeide_1.14.0/plugins/com.st.stm32cube.ide.mcu.externaltools.gnu-tools-for-stm32.11.3.rel1.linux64_1.1.100.202309141235/tools/bin/../lib/gcc/arm-none-eabi/11.3.1/../../../../arm-none-eabi/lib/thumb/v7e-m+fp/hard/libc_nano.a(libc_a-mlock.o)
                0x0000000008005818                __malloc_unlock
 .text._malloc_usable_size_r
                0x0000000008005824       0x10 /opt/st/stm32cubeide_1.14.0/plugins/com.st.stm32cube.ide.mcu.externaltools.gnu-tools-for-stm32.11.3.rel1.linux64_1.1.100.202309141235/tools/bin/../lib/gcc/arm-none-eabi/11.3.1/../../../../arm-none-eabi/lib/thumb/v7e-m+fp/hard/libc_nano.a(libc_a-msizer.o)
                0x0000000008005824                _malloc_usable_size_r
 .text._sbrk_r  0x0000000008005834       0x20 /opt/st/stm32cubeide_1.14.0/plugins/com.st.stm32cube.ide.mcu.externaltools.gnu-tools-for-stm32.11.3.rel1.linux64_1.1.100.202309141235/tools/bin/../lib/gcc/arm-none-eabi/11.3.1/../../../../arm-none-eabi/lib/thumb/v7e-m+fp/hard/libc_nano.a(libc_a-sbrkr.o)
                0x0000000008005834                _sbrk_r
 *(.glue_7)
 .glue_7        0x0000000008005854        0x0 linker stubs
 *(.glue_7t)
 .glue_7t       0x0000000008005854        0x0 linker stubs
 *(.eh_frame)
 .eh_frame      0x0000000008005854        0x0 /opt/st/stm32cubeide_1.14.0/plugins/com.st.stm32cube.ide.mcu.externaltools.gnu-tools-for-stm32.11.3.rel1.linux64_1.1.100.202309141235/tools/bin/../lib/gcc/arm-none-eabi/11.3.1/thumb/v7e-m+fp/hard/crtbegin.o
 *(.init)
 .init          0x0000000008005854        0x4 /opt/st/stm32cubeide_1.14.0/plugins/com.st.stm32cube.ide.mcu.externaltools.gnu-tools-for-stm32.11.3.rel1.linux64_1.1.100.202309141235/tools/bin/../lib/gcc/arm-none-eabi/11.3.1/thumb/v7e-m+fp/hard/crti.o
                0x0000000008005854                _init
 .init          0x0000000008005858        0x8 /opt/st/stm32cubeide_1.14.0/plugins/com.st.stm32cube.ide.mcu.externaltools.gnu-tools-for-stm32.11.3.rel1.linux64_1.1.100.202309141235/tools/bin/../lib/gcc/arm-none-eabi/11.3.1/thumb/v7e-m+fp/hard/crtn.o
 *(.fini)
 .fini          0x0000000008005860        0x4 /opt/st/stm32cubeide_1.14.0/plugins/com.st.stm32cube.ide.mcu.externaltools.gnu-tools-for-stm32.11.3.rel1.linux64_1.1.100.202309141235/tools/bin/../lib/gcc/arm-none-eabi/11.3.1/thumb/v7e-m+fp/hard/crti.o
                0x0000000008005860                _fini
 .fini          0x0000000008005864        0x8 /opt/st/stm32cubeide_1.14.0/plugins/com.st.stm32cube.ide.mcu.externaltools.gnu-tools-for-stm32.11.3.rel1.linux64_1.1.100.202309141235/tools/bin/../lib/gcc/arm-none-eabi/11.3.1/thumb/v7e-m+fp/hard/crtn.o
                0x000000000800586c                . = ALIGN (0x4)
                0x000000000800586c                _etext = .

.vfp11_veneer   0x000000000800586c        0x0
 .vfp11_veneer  0x000000000800586c        0x0 linker stubs

.v4_bx          0x000000000800586c        0x0
 .v4_bx         0x000000000800586c        0x0 linker stubs

.iplt           0x000000000800586c        0x0
 .iplt          0x000000000800586c        0x0 /opt/st/stm32cubeide_1.14.0/plugins/com.st.stm32cube.ide.mcu.externaltools.gnu-tools-for-stm32.11.3.rel1.linux64_1.1.100.202309141235/tools/bin/../lib/gcc/arm-none-eabi/11.3.1/thumb/v7e-m+fp/hard/crtbegin.o

.rodata         0x000000000800586c      0x2c8
                0x000000000800586c                . = ALIGN (0x4)
 *(.rodata)
 .rodata        0x000000000800586c      0x18b ./Core/Src/mainpp.o
 *(.rodata*)
 *fill*         0x00000000080059f7        0x1 
 .rodata._ZN14rosserial_msgsL12REQUESTPARAME
                0x00000000080059f8       0x1c ./Core/Src/mainpp.o
 .rodata._ZTVN3ros10SubscriberIN8std_msgs5EmptyEvEE
                0x0000000008005a14       0x18 ./Core/Src/mainpp.o
                0x0000000008005a14                vtable for ros::Subscriber<std_msgs::Empty, void>
 .rodata._ZTVN3ros11NodeHandle_I13STM32HardwareLi25ELi25ELi512ELi512EEE
                0x0000000008005a2c       0x14 ./Core/Src/mainpp.o
                0x0000000008005a2c                vtable for ros::NodeHandle_<STM32Hardware, 25, 25, 512, 512>
 .rodata._ZTVN8std_msgs6StringE
                0x0000000008005a40       0x18 ./Core/Src/mainpp.o
                0x0000000008005a40                vtable for std_msgs::String
 .rodata._ZTVN8std_msgs5EmptyE
                0x0000000008005a58       0x18 ./Core/Src/mainpp.o
                0x0000000008005a58                vtable for std_msgs::Empty
 .rodata._ZTVN3ros11Subscriber_E
                0x0000000008005a70       0x18 ./Core/Src/mainpp.o
                0x0000000008005a70                vtable for ros::Subscriber_
 .rodata._ZTVN3ros15NodeHandleBase_E
                0x0000000008005a88       0x14 ./Core/Src/mainpp.o
                0x0000000008005a88                vtable for ros::NodeHandleBase_
 .rodata._ZTVN14rosserial_msgs20RequestParamResponseE
                0x0000000008005a9c       0x18 ./Core/Src/mainpp.o
                0x0000000008005a9c                vtable for rosserial_msgs::RequestParamResponse
 .rodata._ZTVN14rosserial_msgs3LogE
                0x0000000008005ab4       0x18 ./Core/Src/mainpp.o
                0x0000000008005ab4                vtable for rosserial_msgs::Log
 .rodata._ZTVN14rosserial_msgs9TopicInfoE
                0x0000000008005acc       0x18 ./Core/Src/mainpp.o
                0x0000000008005acc                vtable for rosserial_msgs::TopicInfo
 .rodata._ZTVN8std_msgs4TimeE
                0x0000000008005ae4       0x18 ./Core/Src/mainpp.o
                0x0000000008005ae4                vtable for std_msgs::Time
 .rodata._ZTVN3ros3MsgE
                0x0000000008005afc       0x18 ./Core/Src/mainpp.o
                0x0000000008005afc                vtable for ros::Msg
 .rodata.AHBPrescTable
                0x0000000008005b14       0x10 ./Core/Src/system_stm32f4xx.o
                0x0000000008005b14                AHBPrescTable
 .rodata.APBPrescTable
                0x0000000008005b24        0x8 ./Core/Src/system_stm32f4xx.o
                0x0000000008005b24                APBPrescTable
 .rodata.flagBitshiftOffset.0
                0x0000000008005b2c        0x8 ./Drivers/STM32F4xx_HAL_Driver/Src/stm32f4xx_hal_dma.o
                0x0000000008005b34                . = ALIGN (0x4)

.ARM.extab      0x0000000008005b34        0x0
                0x0000000008005b34                . = ALIGN (0x4)
 *(.ARM.extab* .gnu.linkonce.armextab.*)
                0x0000000008005b34                . = ALIGN (0x4)

.ARM            0x0000000008005b34        0x8
                0x0000000008005b34                . = ALIGN (0x4)
                0x0000000008005b34                __exidx_start = .
 *(.ARM.exidx*)
 .ARM.exidx     0x0000000008005b34        0x8 /opt/st/stm32cubeide_1.14.0/plugins/com.st.stm32cube.ide.mcu.externaltools.gnu-tools-for-stm32.11.3.rel1.linux64_1.1.100.202309141235/tools/bin/../lib/gcc/arm-none-eabi/11.3.1/thumb/v7e-m+fp/hard/libgcc.a(_udivmoddi4.o)
                0x0000000008005b3c                __exidx_end = .
                0x0000000008005b3c                . = ALIGN (0x4)

.rel.dyn        0x0000000008005b3c        0x0
 .rel.iplt      0x0000000008005b3c        0x0 /opt/st/stm32cubeide_1.14.0/plugins/com.st.stm32cube.ide.mcu.externaltools.gnu-tools-for-stm32.11.3.rel1.linux64_1.1.100.202309141235/tools/bin/../lib/gcc/arm-none-eabi/11.3.1/thumb/v7e-m+fp/hard/crtbegin.o

.preinit_array  0x0000000008005b3c        0x0
                0x0000000008005b3c                . = ALIGN (0x4)
                0x0000000008005b3c                PROVIDE (__preinit_array_start = .)
 *(.preinit_array*)
                0x0000000008005b3c                PROVIDE (__preinit_array_end = .)
                0x0000000008005b3c                . = ALIGN (0x4)

.init_array     0x0000000008005b3c        0xc
                0x0000000008005b3c                . = ALIGN (0x4)
                0x0000000008005b3c                PROVIDE (__init_array_start = .)
 *(SORT_BY_NAME(.init_array.*))
 *(.init_array*)
 .init_array    0x0000000008005b3c        0x4 /opt/st/stm32cubeide_1.14.0/plugins/com.st.stm32cube.ide.mcu.externaltools.gnu-tools-for-stm32.11.3.rel1.linux64_1.1.100.202309141235/tools/bin/../lib/gcc/arm-none-eabi/11.3.1/thumb/v7e-m+fp/hard/crtbegin.o
 .init_array    0x0000000008005b40        0x4 ./Core/Src/BufferedSerial.o
 .init_array    0x0000000008005b44        0x4 ./Core/Src/mainpp.o
                0x0000000008005b48                PROVIDE (__init_array_end = .)
                0x0000000008005b48                . = ALIGN (0x4)

.fini_array     0x0000000008005b48        0x4
                0x0000000008005b48                . = ALIGN (0x4)
                [!provide]                        PROVIDE (__fini_array_start = .)
 *(SORT_BY_NAME(.fini_array.*))
 *(.fini_array*)
 .fini_array    0x0000000008005b48        0x4 /opt/st/stm32cubeide_1.14.0/plugins/com.st.stm32cube.ide.mcu.externaltools.gnu-tools-for-stm32.11.3.rel1.linux64_1.1.100.202309141235/tools/bin/../lib/gcc/arm-none-eabi/11.3.1/thumb/v7e-m+fp/hard/crtbegin.o
                [!provide]                        PROVIDE (__fini_array_end = .)
                0x0000000008005b4c                . = ALIGN (0x4)
                0x0000000008005b4c                _sidata = LOADADDR (.data)

.data           0x0000000020000000       0x6c load address 0x0000000008005b4c
                0x0000000020000000                . = ALIGN (0x4)
                0x0000000020000000                _sdata = .
 *(.data)
 *(.data*)
 .data.hello    0x0000000020000000        0xd ./Core/Src/mainpp.o
                0x0000000020000000                hello
 *fill*         0x000000002000000d        0x3 
 .data.SystemCoreClock
                0x0000000020000010        0x4 ./Core/Src/system_stm32f4xx.o
                0x0000000020000010                SystemCoreClock
 .data.uwTickPrio
                0x0000000020000014        0x4 ./Drivers/STM32F4xx_HAL_Driver/Src/stm32f4xx_hal.o
                0x0000000020000014                uwTickPrio
 .data.uwTickFreq
                0x0000000020000018        0x1 ./Drivers/STM32F4xx_HAL_Driver/Src/stm32f4xx_hal.o
                0x0000000020000018                uwTickFreq
 *fill*         0x0000000020000019        0x3 
 .data._impure_data
                0x000000002000001c       0x4c /opt/st/stm32cubeide_1.14.0/plugins/com.st.stm32cube.ide.mcu.externaltools.gnu-tools-for-stm32.11.3.rel1.linux64_1.1.100.202309141235/tools/bin/../lib/gcc/arm-none-eabi/11.3.1/../../../../arm-none-eabi/lib/thumb/v7e-m+fp/hard/libc_nano.a(libc_a-impure.o)
                0x000000002000001c                _impure_data
 .data._impure_ptr
                0x0000000020000068        0x4 /opt/st/stm32cubeide_1.14.0/plugins/com.st.stm32cube.ide.mcu.externaltools.gnu-tools-for-stm32.11.3.rel1.linux64_1.1.100.202309141235/tools/bin/../lib/gcc/arm-none-eabi/11.3.1/../../../../arm-none-eabi/lib/thumb/v7e-m+fp/hard/libc_nano.a(libc_a-impure.o)
                0x0000000020000068                _impure_ptr
 *(.RamFunc)
 *(.RamFunc*)
                0x000000002000006c                . = ALIGN (0x4)
                0x000000002000006c                _edata = .

.igot.plt       0x000000002000006c        0x0 load address 0x0000000008005bb8
 .igot.plt      0x000000002000006c        0x0 /opt/st/stm32cubeide_1.14.0/plugins/com.st.stm32cube.ide.mcu.externaltools.gnu-tools-for-stm32.11.3.rel1.linux64_1.1.100.202309141235/tools/bin/../lib/gcc/arm-none-eabi/11.3.1/thumb/v7e-m+fp/hard/crtbegin.o
                0x000000002000006c                . = ALIGN (0x4)

.bss            0x000000002000006c      0xbe8 load address 0x0000000008005bb8
                0x000000002000006c                _sbss = .
                0x000000002000006c                __bss_start__ = _sbss
 *(.bss)
 .bss           0x000000002000006c       0x1c /opt/st/stm32cubeide_1.14.0/plugins/com.st.stm32cube.ide.mcu.externaltools.gnu-tools-for-stm32.11.3.rel1.linux64_1.1.100.202309141235/tools/bin/../lib/gcc/arm-none-eabi/11.3.1/thumb/v7e-m+fp/hard/crtbegin.o
 *(.bss*)
 .bss.buff_serial
                0x0000000020000088      0x40c ./Core/Src/BufferedSerial.o
                0x0000000020000088                buff_serial
 .bss._ZZN14BufferedSerial15flush_tx_bufferEvE5mutex
                0x0000000020000494        0x1 ./Core/Src/BufferedSerial.o
 *fill*         0x0000000020000495        0x3 
 .bss.huart2    0x0000000020000498       0x48 ./Core/Src/main.o
                0x0000000020000498                huart2
 .bss.hdma_usart2_rx
                0x00000000200004e0       0x60 ./Core/Src/main.o
                0x00000000200004e0                hdma_usart2_rx
 .bss.hdma_usart2_tx
                0x0000000020000540       0x60 ./Core/Src/main.o
                0x0000000020000540                hdma_usart2_tx
 .bss.nh        0x00000000200005a0      0x530 ./Core/Src/mainpp.o
                0x00000000200005a0                nh
 .bss.str_msg   0x0000000020000ad0        0x8 ./Core/Src/mainpp.o
                0x0000000020000ad0                str_msg
 .bss.chatter   0x0000000020000ad8       0x14 ./Core/Src/mainpp.o
                0x0000000020000ad8                chatter
 .bss.led_sub   0x0000000020000aec       0x18 ./Core/Src/mainpp.o
                0x0000000020000aec                led_sub
 .bss.__sbrk_heap_end
                0x0000000020000b04        0x4 ./Core/Src/sysmem.o
 .bss.uwTick    0x0000000020000b08        0x4 ./Drivers/STM32F4xx_HAL_Driver/Src/stm32f4xx_hal.o
                0x0000000020000b08                uwTick
 .bss.__sf      0x0000000020000b0c      0x138 /opt/st/stm32cubeide_1.14.0/plugins/com.st.stm32cube.ide.mcu.externaltools.gnu-tools-for-stm32.11.3.rel1.linux64_1.1.100.202309141235/tools/bin/../lib/gcc/arm-none-eabi/11.3.1/../../../../arm-none-eabi/lib/thumb/v7e-m+fp/hard/libc_nano.a(libc_a-findfp.o)
                0x0000000020000b0c                __sf
 .bss.errno     0x0000000020000c44        0x4 /opt/st/stm32cubeide_1.14.0/plugins/com.st.stm32cube.ide.mcu.externaltools.gnu-tools-for-stm32.11.3.rel1.linux64_1.1.100.202309141235/tools/bin/../lib/gcc/arm-none-eabi/11.3.1/../../../../arm-none-eabi/lib/thumb/v7e-m+fp/hard/libc_nano.a(libc_a-reent.o)
                0x0000000020000c44                errno
 .bss.__lock___malloc_recursive_mutex
                0x0000000020000c48        0x1 /opt/st/stm32cubeide_1.14.0/plugins/com.st.stm32cube.ide.mcu.externaltools.gnu-tools-for-stm32.11.3.rel1.linux64_1.1.100.202309141235/tools/bin/../lib/gcc/arm-none-eabi/11.3.1/../../../../arm-none-eabi/lib/thumb/v7e-m+fp/hard/libc_nano.a(libc_a-lock.o)
                0x0000000020000c48                __lock___malloc_recursive_mutex
 *fill*         0x0000000020000c49        0x3 
 .bss.__malloc_free_list
                0x0000000020000c4c        0x4 /opt/st/stm32cubeide_1.14.0/plugins/com.st.stm32cube.ide.mcu.externaltools.gnu-tools-for-stm32.11.3.rel1.linux64_1.1.100.202309141235/tools/bin/../lib/gcc/arm-none-eabi/11.3.1/../../../../arm-none-eabi/lib/thumb/v7e-m+fp/hard/libc_nano.a(libc_a-mallocr.o)
                0x0000000020000c4c                __malloc_free_list
 .bss.__malloc_sbrk_start
                0x0000000020000c50        0x4 /opt/st/stm32cubeide_1.14.0/plugins/com.st.stm32cube.ide.mcu.externaltools.gnu-tools-for-stm32.11.3.rel1.linux64_1.1.100.202309141235/tools/bin/../lib/gcc/arm-none-eabi/11.3.1/../../../../arm-none-eabi/lib/thumb/v7e-m+fp/hard/libc_nano.a(libc_a-mallocr.o)
                0x0000000020000c50                __malloc_sbrk_start
 *(COMMON)
                0x0000000020000c54                . = ALIGN (0x4)
                0x0000000020000c54                _ebss = .
                0x0000000020000c54                __bss_end__ = _ebss

._user_heap_stack
                0x0000000020000c54      0x604 load address 0x0000000008005bb8
                0x0000000020000c58                . = ALIGN (0x8)
 *fill*         0x0000000020000c54        0x4 
                [!provide]                        PROVIDE (end = .)
                0x0000000020000c58                PROVIDE (_end = .)
                0x0000000020000e58                . = (. + _Min_Heap_Size)
 *fill*         0x0000000020000c58      0x200 
                0x0000000020001258                . = (. + _Min_Stack_Size)
 *fill*         0x0000000020000e58      0x400 
                0x0000000020001258                . = ALIGN (0x8)

/DISCARD/
 libc.a(*)
 libm.a(*)
 libgcc.a(*)

.ARM.attributes
                0x0000000000000000       0x30
 *(.ARM.attributes)
 .ARM.attributes
                0x0000000000000000       0x1e /opt/st/stm32cubeide_1.14.0/plugins/com.st.stm32cube.ide.mcu.externaltools.gnu-tools-for-stm32.11.3.rel1.linux64_1.1.100.202309141235/tools/bin/../lib/gcc/arm-none-eabi/11.3.1/thumb/v7e-m+fp/hard/crti.o
 .ARM.attributes
                0x000000000000001e       0x34 /opt/st/stm32cubeide_1.14.0/plugins/com.st.stm32cube.ide.mcu.externaltools.gnu-tools-for-stm32.11.3.rel1.linux64_1.1.100.202309141235/tools/bin/../lib/gcc/arm-none-eabi/11.3.1/thumb/v7e-m+fp/hard/crtbegin.o
 .ARM.attributes
                0x0000000000000052       0x34 ./Core/Src/BufferedSerial.o
 .ARM.attributes
                0x0000000000000086       0x34 ./Core/Src/main.o
 .ARM.attributes
                0x00000000000000ba       0x34 ./Core/Src/mainpp.o
 .ARM.attributes
                0x00000000000000ee       0x34 ./Core/Src/stm32f4xx_hal_msp.o
 .ARM.attributes
                0x0000000000000122       0x34 ./Core/Src/stm32f4xx_it.o
 .ARM.attributes
                0x0000000000000156       0x34 ./Core/Src/sysmem.o
 .ARM.attributes
                0x000000000000018a       0x34 ./Core/Src/system_stm32f4xx.o
 .ARM.attributes
                0x00000000000001be       0x34 ./Core/Src/time.o
 .ARM.attributes
                0x00000000000001f2       0x21 ./Core/Startup/startup_stm32f411vetx.o
 .ARM.attributes
                0x0000000000000213       0x34 ./Drivers/STM32F4xx_HAL_Driver/Src/stm32f4xx_hal.o
 .ARM.attributes
                0x0000000000000247       0x34 ./Drivers/STM32F4xx_HAL_Driver/Src/stm32f4xx_hal_cortex.o
 .ARM.attributes
                0x000000000000027b       0x34 ./Drivers/STM32F4xx_HAL_Driver/Src/stm32f4xx_hal_dma.o
 .ARM.attributes
                0x00000000000002af       0x34 ./Drivers/STM32F4xx_HAL_Driver/Src/stm32f4xx_hal_gpio.o
 .ARM.attributes
                0x00000000000002e3       0x34 ./Drivers/STM32F4xx_HAL_Driver/Src/stm32f4xx_hal_rcc.o
 .ARM.attributes
                0x0000000000000317       0x34 ./Drivers/STM32F4xx_HAL_Driver/Src/stm32f4xx_hal_uart.o
 .ARM.attributes
                0x000000000000034b       0x34 /opt/st/stm32cubeide_1.14.0/plugins/com.st.stm32cube.ide.mcu.externaltools.gnu-tools-for-stm32.11.3.rel1.linux64_1.1.100.202309141235/tools/bin/../lib/gcc/arm-none-eabi/11.3.1/../../../../arm-none-eabi/lib/thumb/v7e-m+fp/hard/libc_nano.a(libc_a-realloc.o)
 .ARM.attributes
                0x000000000000037f       0x34 /opt/st/stm32cubeide_1.14.0/plugins/com.st.stm32cube.ide.mcu.externaltools.gnu-tools-for-stm32.11.3.rel1.linux64_1.1.100.202309141235/tools/bin/../lib/gcc/arm-none-eabi/11.3.1/../../../../arm-none-eabi/lib/thumb/v7e-m+fp/hard/libc_nano.a(libc_a-reallocr.o)
 .ARM.attributes
                0x00000000000003b3       0x34 /opt/st/stm32cubeide_1.14.0/plugins/com.st.stm32cube.ide.mcu.externaltools.gnu-tools-for-stm32.11.3.rel1.linux64_1.1.100.202309141235/tools/bin/../lib/gcc/arm-none-eabi/11.3.1/../../../../arm-none-eabi/lib/thumb/v7e-m+fp/hard/libc_nano.a(libc_a-findfp.o)
 .ARM.attributes
                0x00000000000003e7       0x34 /opt/st/stm32cubeide_1.14.0/plugins/com.st.stm32cube.ide.mcu.externaltools.gnu-tools-for-stm32.11.3.rel1.linux64_1.1.100.202309141235/tools/bin/../lib/gcc/arm-none-eabi/11.3.1/../../../../arm-none-eabi/lib/thumb/v7e-m+fp/hard/libc_nano.a(libc_a-memset.o)
 .ARM.attributes
                0x000000000000041b       0x34 /opt/st/stm32cubeide_1.14.0/plugins/com.st.stm32cube.ide.mcu.externaltools.gnu-tools-for-stm32.11.3.rel1.linux64_1.1.100.202309141235/tools/bin/../lib/gcc/arm-none-eabi/11.3.1/../../../../arm-none-eabi/lib/thumb/v7e-m+fp/hard/libc_nano.a(libc_a-reent.o)
 .ARM.attributes
                0x000000000000044f       0x34 /opt/st/stm32cubeide_1.14.0/plugins/com.st.stm32cube.ide.mcu.externaltools.gnu-tools-for-stm32.11.3.rel1.linux64_1.1.100.202309141235/tools/bin/../lib/gcc/arm-none-eabi/11.3.1/../../../../arm-none-eabi/lib/thumb/v7e-m+fp/hard/libc_nano.a(libc_a-impure.o)
 .ARM.attributes
                0x0000000000000483       0x34 /opt/st/stm32cubeide_1.14.0/plugins/com.st.stm32cube.ide.mcu.externaltools.gnu-tools-for-stm32.11.3.rel1.linux64_1.1.100.202309141235/tools/bin/../lib/gcc/arm-none-eabi/11.3.1/../../../../arm-none-eabi/lib/thumb/v7e-m+fp/hard/libc_nano.a(libc_a-errno.o)
 .ARM.attributes
                0x00000000000004b7       0x34 /opt/st/stm32cubeide_1.14.0/plugins/com.st.stm32cube.ide.mcu.externaltools.gnu-tools-for-stm32.11.3.rel1.linux64_1.1.100.202309141235/tools/bin/../lib/gcc/arm-none-eabi/11.3.1/../../../../arm-none-eabi/lib/thumb/v7e-m+fp/hard/libc_nano.a(libc_a-init.o)
 .ARM.attributes
                0x00000000000004eb       0x34 /opt/st/stm32cubeide_1.14.0/plugins/com.st.stm32cube.ide.mcu.externaltools.gnu-tools-for-stm32.11.3.rel1.linux64_1.1.100.202309141235/tools/bin/../lib/gcc/arm-none-eabi/11.3.1/../../../../arm-none-eabi/lib/thumb/v7e-m+fp/hard/libc_nano.a(libc_a-lock.o)
 .ARM.attributes
                0x000000000000051f       0x34 /opt/st/stm32cubeide_1.14.0/plugins/com.st.stm32cube.ide.mcu.externaltools.gnu-tools-for-stm32.11.3.rel1.linux64_1.1.100.202309141235/tools/bin/../lib/gcc/arm-none-eabi/11.3.1/../../../../arm-none-eabi/lib/thumb/v7e-m+fp/hard/libc_nano.a(libc_a-memcpy-stub.o)
 .ARM.attributes
                0x0000000000000553       0x17 /opt/st/stm32cubeide_1.14.0/plugins/com.st.stm32cube.ide.mcu.externaltools.gnu-tools-for-stm32.11.3.rel1.linux64_1.1.100.202309141235/tools/bin/../lib/gcc/arm-none-eabi/11.3.1/../../../../arm-none-eabi/lib/thumb/v7e-m+fp/hard/libc_nano.a(libc_a-strlen.o)
 .ARM.attributes
                0x000000000000056a       0x34 /opt/st/stm32cubeide_1.14.0/plugins/com.st.stm32cube.ide.mcu.externaltools.gnu-tools-for-stm32.11.3.rel1.linux64_1.1.100.202309141235/tools/bin/../lib/gcc/arm-none-eabi/11.3.1/../../../../arm-none-eabi/lib/thumb/v7e-m+fp/hard/libc_nano.a(libc_a-freer.o)
 .ARM.attributes
                0x000000000000059e       0x34 /opt/st/stm32cubeide_1.14.0/plugins/com.st.stm32cube.ide.mcu.externaltools.gnu-tools-for-stm32.11.3.rel1.linux64_1.1.100.202309141235/tools/bin/../lib/gcc/arm-none-eabi/11.3.1/../../../../arm-none-eabi/lib/thumb/v7e-m+fp/hard/libc_nano.a(libc_a-mallocr.o)
 .ARM.attributes
                0x00000000000005d2       0x34 /opt/st/stm32cubeide_1.14.0/plugins/com.st.stm32cube.ide.mcu.externaltools.gnu-tools-for-stm32.11.3.rel1.linux64_1.1.100.202309141235/tools/bin/../lib/gcc/arm-none-eabi/11.3.1/../../../../arm-none-eabi/lib/thumb/v7e-m+fp/hard/libc_nano.a(libc_a-mlock.o)
 .ARM.attributes
                0x0000000000000606       0x34 /opt/st/stm32cubeide_1.14.0/plugins/com.st.stm32cube.ide.mcu.externaltools.gnu-tools-for-stm32.11.3.rel1.linux64_1.1.100.202309141235/tools/bin/../lib/gcc/arm-none-eabi/11.3.1/../../../../arm-none-eabi/lib/thumb/v7e-m+fp/hard/libc_nano.a(libc_a-msizer.o)
 .ARM.attributes
                0x000000000000063a       0x34 /opt/st/stm32cubeide_1.14.0/plugins/com.st.stm32cube.ide.mcu.externaltools.gnu-tools-for-stm32.11.3.rel1.linux64_1.1.100.202309141235/tools/bin/../lib/gcc/arm-none-eabi/11.3.1/../../../../arm-none-eabi/lib/thumb/v7e-m+fp/hard/libc_nano.a(libc_a-sbrkr.o)
 .ARM.attributes
                0x000000000000066e       0x1e /opt/st/stm32cubeide_1.14.0/plugins/com.st.stm32cube.ide.mcu.externaltools.gnu-tools-for-stm32.11.3.rel1.linux64_1.1.100.202309141235/tools/bin/../lib/gcc/arm-none-eabi/11.3.1/thumb/v7e-m+fp/hard/libgcc.a(_aeabi_uldivmod.o)
 .ARM.attributes
                0x000000000000068c       0x34 /opt/st/stm32cubeide_1.14.0/plugins/com.st.stm32cube.ide.mcu.externaltools.gnu-tools-for-stm32.11.3.rel1.linux64_1.1.100.202309141235/tools/bin/../lib/gcc/arm-none-eabi/11.3.1/thumb/v7e-m+fp/hard/libgcc.a(_udivmoddi4.o)
 .ARM.attributes
                0x00000000000006c0       0x1e /opt/st/stm32cubeide_1.14.0/plugins/com.st.stm32cube.ide.mcu.externaltools.gnu-tools-for-stm32.11.3.rel1.linux64_1.1.100.202309141235/tools/bin/../lib/gcc/arm-none-eabi/11.3.1/thumb/v7e-m+fp/hard/libgcc.a(_dvmd_tls.o)
 .ARM.attributes
                0x00000000000006de       0x1e /opt/st/stm32cubeide_1.14.0/plugins/com.st.stm32cube.ide.mcu.externaltools.gnu-tools-for-stm32.11.3.rel1.linux64_1.1.100.202309141235/tools/bin/../lib/gcc/arm-none-eabi/11.3.1/thumb/v7e-m+fp/hard/crtn.o
OUTPUT(TEST_ROSSERIAL_KIT_VU.elf elf32-littlearm)
LOAD linker stubs
LOAD /opt/st/stm32cubeide_1.14.0/plugins/com.st.stm32cube.ide.mcu.externaltools.gnu-tools-for-stm32.11.3.rel1.linux64_1.1.100.202309141235/tools/bin/../lib/gcc/arm-none-eabi/11.3.1/../../../../arm-none-eabi/lib/thumb/v7e-m+fp/hard/libc.a
LOAD /opt/st/stm32cubeide_1.14.0/plugins/com.st.stm32cube.ide.mcu.externaltools.gnu-tools-for-stm32.11.3.rel1.linux64_1.1.100.202309141235/tools/bin/../lib/gcc/arm-none-eabi/11.3.1/../../../../arm-none-eabi/lib/thumb/v7e-m+fp/hard/libm.a
LOAD /opt/st/stm32cubeide_1.14.0/plugins/com.st.stm32cube.ide.mcu.externaltools.gnu-tools-for-stm32.11.3.rel1.linux64_1.1.100.202309141235/tools/bin/../lib/gcc/arm-none-eabi/11.3.1/thumb/v7e-m+fp/hard/libgcc.a

.comment        0x0000000000000000       0x43
 .comment       0x0000000000000000       0x43 /opt/st/stm32cubeide_1.14.0/plugins/com.st.stm32cube.ide.mcu.externaltools.gnu-tools-for-stm32.11.3.rel1.linux64_1.1.100.202309141235/tools/bin/../lib/gcc/arm-none-eabi/11.3.1/thumb/v7e-m+fp/hard/crtbegin.o
                                         0x44 (size before relaxing)
 .comment       0x0000000000000043       0x44 ./Core/Src/BufferedSerial.o
 .comment       0x0000000000000043       0x44 ./Core/Src/main.o
 .comment       0x0000000000000043       0x44 ./Core/Src/mainpp.o
 .comment       0x0000000000000043       0x44 ./Core/Src/stm32f4xx_hal_msp.o
 .comment       0x0000000000000043       0x44 ./Core/Src/stm32f4xx_it.o
 .comment       0x0000000000000043       0x44 ./Core/Src/sysmem.o
 .comment       0x0000000000000043       0x44 ./Core/Src/system_stm32f4xx.o
 .comment       0x0000000000000043       0x44 ./Core/Src/time.o
 .comment       0x0000000000000043       0x44 ./Drivers/STM32F4xx_HAL_Driver/Src/stm32f4xx_hal.o
 .comment       0x0000000000000043       0x44 ./Drivers/STM32F4xx_HAL_Driver/Src/stm32f4xx_hal_cortex.o
 .comment       0x0000000000000043       0x44 ./Drivers/STM32F4xx_HAL_Driver/Src/stm32f4xx_hal_dma.o
 .comment       0x0000000000000043       0x44 ./Drivers/STM32F4xx_HAL_Driver/Src/stm32f4xx_hal_gpio.o
 .comment       0x0000000000000043       0x44 ./Drivers/STM32F4xx_HAL_Driver/Src/stm32f4xx_hal_rcc.o
 .comment       0x0000000000000043       0x44 ./Drivers/STM32F4xx_HAL_Driver/Src/stm32f4xx_hal_uart.o

.debug_info     0x0000000000000000     0xfc28
 .debug_info    0x0000000000000000      0xa4e ./Core/Src/BufferedSerial.o
 .debug_info    0x0000000000000a4e      0xc74 ./Core/Src/main.o
 .debug_info    0x00000000000016c2     0x55ba ./Core/Src/mainpp.o
 .debug_info    0x0000000000006c7c      0xb81 ./Core/Src/stm32f4xx_hal_msp.o
 .debug_info    0x00000000000077fd      0x688 ./Core/Src/stm32f4xx_it.o
 .debug_info    0x0000000000007e85      0x168 ./Core/Src/sysmem.o
 .debug_info    0x0000000000007fed      0x53e ./Core/Src/system_stm32f4xx.o
 .debug_info    0x000000000000852b     0x1928 ./Core/Src/time.o
 .debug_info    0x0000000000009e53       0x23 ./Core/Startup/startup_stm32f411vetx.o
 .debug_info    0x0000000000009e76      0x8c4 ./Drivers/STM32F4xx_HAL_Driver/Src/stm32f4xx_hal.o
 .debug_info    0x000000000000a73a      0xcc7 ./Drivers/STM32F4xx_HAL_Driver/Src/stm32f4xx_hal_cortex.o
 .debug_info    0x000000000000b401      0x8e6 ./Drivers/STM32F4xx_HAL_Driver/Src/stm32f4xx_hal_dma.o
 .debug_info    0x000000000000bce7      0x6f9 ./Drivers/STM32F4xx_HAL_Driver/Src/stm32f4xx_hal_gpio.o
 .debug_info    0x000000000000c3e0      0x8f2 ./Drivers/STM32F4xx_HAL_Driver/Src/stm32f4xx_hal_rcc.o
 .debug_info    0x000000000000ccd2     0x2f56 ./Drivers/STM32F4xx_HAL_Driver/Src/stm32f4xx_hal_uart.o

.debug_abbrev   0x0000000000000000     0x25fb
 .debug_abbrev  0x0000000000000000      0x339 ./Core/Src/BufferedSerial.o
 .debug_abbrev  0x0000000000000339      0x27e ./Core/Src/main.o
 .debug_abbrev  0x00000000000005b7      0x8ce ./Core/Src/mainpp.o
 .debug_abbrev  0x0000000000000e85      0x20c ./Core/Src/stm32f4xx_hal_msp.o
 .debug_abbrev  0x0000000000001091      0x183 ./Core/Src/stm32f4xx_it.o
 .debug_abbrev  0x0000000000001214       0xbc ./Core/Src/sysmem.o
 .debug_abbrev  0x00000000000012d0      0x11a ./Core/Src/system_stm32f4xx.o
 .debug_abbrev  0x00000000000013ea      0x2c8 ./Core/Src/time.o
 .debug_abbrev  0x00000000000016b2       0x12 ./Core/Startup/startup_stm32f411vetx.o
 .debug_abbrev  0x00000000000016c4      0x24b ./Drivers/STM32F4xx_HAL_Driver/Src/stm32f4xx_hal.o
 .debug_abbrev  0x000000000000190f      0x328 ./Drivers/STM32F4xx_HAL_Driver/Src/stm32f4xx_hal_cortex.o
 .debug_abbrev  0x0000000000001c37      0x221 ./Drivers/STM32F4xx_HAL_Driver/Src/stm32f4xx_hal_dma.o
 .debug_abbrev  0x0000000000001e58      0x1d3 ./Drivers/STM32F4xx_HAL_Driver/Src/stm32f4xx_hal_gpio.o
 .debug_abbrev  0x000000000000202b      0x2b5 ./Drivers/STM32F4xx_HAL_Driver/Src/stm32f4xx_hal_rcc.o
 .debug_abbrev  0x00000000000022e0      0x31b ./Drivers/STM32F4xx_HAL_Driver/Src/stm32f4xx_hal_uart.o

.debug_aranges  0x0000000000000000      0x9d0
 .debug_aranges
                0x0000000000000000       0x70 ./Core/Src/BufferedSerial.o
 .debug_aranges
                0x0000000000000070       0x48 ./Core/Src/main.o
 .debug_aranges
                0x00000000000000b8      0x230 ./Core/Src/mainpp.o
 .debug_aranges
                0x00000000000002e8       0x30 ./Core/Src/stm32f4xx_hal_msp.o
 .debug_aranges
                0x0000000000000318       0x78 ./Core/Src/stm32f4xx_it.o
 .debug_aranges
                0x0000000000000390       0x20 ./Core/Src/sysmem.o
 .debug_aranges
                0x00000000000003b0       0x28 ./Core/Src/system_stm32f4xx.o
 .debug_aranges
                0x00000000000003d8       0x48 ./Core/Src/time.o
 .debug_aranges
                0x0000000000000420       0x28 ./Core/Startup/startup_stm32f411vetx.o
 .debug_aranges
                0x0000000000000448       0xf0 ./Drivers/STM32F4xx_HAL_Driver/Src/stm32f4xx_hal.o
 .debug_aranges
                0x0000000000000538      0x120 ./Drivers/STM32F4xx_HAL_Driver/Src/stm32f4xx_hal_cortex.o
 .debug_aranges
                0x0000000000000658       0x90 ./Drivers/STM32F4xx_HAL_Driver/Src/stm32f4xx_hal_dma.o
 .debug_aranges
                0x00000000000006e8       0x58 ./Drivers/STM32F4xx_HAL_Driver/Src/stm32f4xx_hal_gpio.o
 .debug_aranges
                0x0000000000000740       0x88 ./Drivers/STM32F4xx_HAL_Driver/Src/stm32f4xx_hal_rcc.o
 .debug_aranges
                0x00000000000007c8      0x208 ./Drivers/STM32F4xx_HAL_Driver/Src/stm32f4xx_hal_uart.o

.debug_rnglists
                0x0000000000000000      0x77d
 .debug_rnglists
                0x0000000000000000       0x51 ./Core/Src/BufferedSerial.o
 .debug_rnglists
                0x0000000000000051       0x32 ./Core/Src/main.o
 .debug_rnglists
                0x0000000000000083      0x1ba ./Core/Src/mainpp.o
 .debug_rnglists
                0x000000000000023d       0x20 ./Core/Src/stm32f4xx_hal_msp.o
 .debug_rnglists
                0x000000000000025d       0x55 ./Core/Src/stm32f4xx_it.o
 .debug_rnglists
                0x00000000000002b2       0x13 ./Core/Src/sysmem.o
 .debug_rnglists
                0x00000000000002c5       0x1a ./Core/Src/system_stm32f4xx.o
 .debug_rnglists
                0x00000000000002df       0x31 ./Core/Src/time.o
 .debug_rnglists
                0x0000000000000310       0x19 ./Core/Startup/startup_stm32f411vetx.o
 .debug_rnglists
                0x0000000000000329       0xaf ./Drivers/STM32F4xx_HAL_Driver/Src/stm32f4xx_hal.o
 .debug_rnglists
                0x00000000000003d8       0xd4 ./Drivers/STM32F4xx_HAL_Driver/Src/stm32f4xx_hal_cortex.o
 .debug_rnglists
                0x00000000000004ac       0x70 ./Drivers/STM32F4xx_HAL_Driver/Src/stm32f4xx_hal_dma.o
 .debug_rnglists
                0x000000000000051c       0x3f ./Drivers/STM32F4xx_HAL_Driver/Src/stm32f4xx_hal_gpio.o
 .debug_rnglists
                0x000000000000055b       0x66 ./Drivers/STM32F4xx_HAL_Driver/Src/stm32f4xx_hal_rcc.o
 .debug_rnglists
                0x00000000000005c1      0x1bc ./Drivers/STM32F4xx_HAL_Driver/Src/stm32f4xx_hal_uart.o

.debug_macro    0x0000000000000000    0x180c6
 .debug_macro   0x0000000000000000      0x296 ./Core/Src/BufferedSerial.o
 .debug_macro   0x0000000000000296      0xb80 ./Core/Src/BufferedSerial.o
 .debug_macro   0x0000000000000e16       0x22 ./Core/Src/BufferedSerial.o
 .debug_macro   0x0000000000000e38       0x5b ./Core/Src/BufferedSerial.o
 .debug_macro   0x0000000000000e93       0x2a ./Core/Src/BufferedSerial.o
 .debug_macro   0x0000000000000ebd       0x94 ./Core/Src/BufferedSerial.o
 .debug_macro   0x0000000000000f51       0x43 ./Core/Src/BufferedSerial.o
 .debug_macro   0x0000000000000f94       0x34 ./Core/Src/BufferedSerial.o
 .debug_macro   0x0000000000000fc8      0x17b ./Core/Src/BufferedSerial.o
 .debug_macro   0x0000000000001143       0x16 ./Core/Src/BufferedSerial.o
 .debug_macro   0x0000000000001159       0x43 ./Core/Src/BufferedSerial.o
 .debug_macro   0x000000000000119c       0x57 ./Core/Src/BufferedSerial.o
 .debug_macro   0x00000000000011f3       0x34 ./Core/Src/BufferedSerial.o
 .debug_macro   0x0000000000001227       0x10 ./Core/Src/BufferedSerial.o
 .debug_macro   0x0000000000001237       0x58 ./Core/Src/BufferedSerial.o
 .debug_macro   0x000000000000128f       0x8e ./Core/Src/BufferedSerial.o
 .debug_macro   0x000000000000131d       0x16 ./Core/Src/BufferedSerial.o
 .debug_macro   0x0000000000001333      0x177 ./Core/Src/BufferedSerial.o
 .debug_macro   0x00000000000014aa      0x38c ./Core/Src/BufferedSerial.o
 .debug_macro   0x0000000000001836       0x10 ./Core/Src/BufferedSerial.o
 .debug_macro   0x0000000000001846       0x35 ./Core/Src/BufferedSerial.o
 .debug_macro   0x000000000000187b       0x20 ./Core/Src/BufferedSerial.o
 .debug_macro   0x000000000000189b      0x295 ./Core/Src/BufferedSerial.o
 .debug_macro   0x0000000000001b30       0x2e ./Core/Src/BufferedSerial.o
 .debug_macro   0x0000000000001b5e       0x28 ./Core/Src/BufferedSerial.o
 .debug_macro   0x0000000000001b86       0x1c ./Core/Src/BufferedSerial.o
 .debug_macro   0x0000000000001ba2      0x103 ./Core/Src/BufferedSerial.o
 .debug_macro   0x0000000000001ca5       0x6a ./Core/Src/BufferedSerial.o
 .debug_macro   0x0000000000001d0f      0x1df ./Core/Src/BufferedSerial.o
 .debug_macro   0x0000000000001eee       0x1c ./Core/Src/BufferedSerial.o
 .debug_macro   0x0000000000001f0a       0x22 ./Core/Src/BufferedSerial.o
 .debug_macro   0x0000000000001f2c       0xfb ./Core/Src/BufferedSerial.o
 .debug_macro   0x0000000000002027     0x1011 ./Core/Src/BufferedSerial.o
 .debug_macro   0x0000000000003038      0x11f ./Core/Src/BufferedSerial.o
 .debug_macro   0x0000000000003157     0xb953 ./Core/Src/BufferedSerial.o
 .debug_macro   0x000000000000eaaa       0x6d ./Core/Src/BufferedSerial.o
 .debug_macro   0x000000000000eb17     0x368c ./Core/Src/BufferedSerial.o
 .debug_macro   0x00000000000121a3       0x56 ./Core/Src/BufferedSerial.o
 .debug_macro   0x00000000000121f9      0x45c ./Core/Src/BufferedSerial.o
 .debug_macro   0x0000000000012655      0x9e9 ./Core/Src/BufferedSerial.o
 .debug_macro   0x000000000001303e      0x115 ./Core/Src/BufferedSerial.o
 .debug_macro   0x0000000000013153      0x11b ./Core/Src/BufferedSerial.o
 .debug_macro   0x000000000001326e       0xa5 ./Core/Src/BufferedSerial.o
 .debug_macro   0x0000000000013313      0x15f ./Core/Src/BufferedSerial.o
 .debug_macro   0x0000000000013472      0x287 ./Core/Src/BufferedSerial.o
 .debug_macro   0x00000000000136f9       0x5f ./Core/Src/BufferedSerial.o
 .debug_macro   0x0000000000013758      0x236 ./Core/Src/BufferedSerial.o
 .debug_macro   0x000000000001398e      0x132 ./Core/Src/BufferedSerial.o
 .debug_macro   0x0000000000013ac0      0x264 ./Core/Src/BufferedSerial.o
 .debug_macro   0x0000000000013d24       0x2e ./Core/Src/BufferedSerial.o
 .debug_macro   0x0000000000013d52      0x127 ./Core/Src/BufferedSerial.o
 .debug_macro   0x0000000000013e79       0x85 ./Core/Src/BufferedSerial.o
 .debug_macro   0x0000000000013efe       0x89 ./Core/Src/BufferedSerial.o
 .debug_macro   0x0000000000013f87      0x2aa ./Core/Src/BufferedSerial.o
 .debug_macro   0x0000000000014231      0x126 ./Core/Src/BufferedSerial.o
 .debug_macro   0x0000000000014357       0x10 ./Core/Src/BufferedSerial.o
 .debug_macro   0x0000000000014367      0x1ce ./Core/Src/main.o
 .debug_macro   0x0000000000014535      0xaa8 ./Core/Src/main.o
 .debug_macro   0x0000000000014fdd       0x8e ./Core/Src/main.o
 .debug_macro   0x000000000001506b       0x51 ./Core/Src/main.o
 .debug_macro   0x00000000000150bc     0x1011 ./Core/Src/main.o
 .debug_macro   0x00000000000160cd      0x174 ./Core/Src/main.o
 .debug_macro   0x0000000000016241       0x5c ./Core/Src/main.o
 .debug_macro   0x000000000001629d      0x41d ./Core/Src/mainpp.o
 .debug_macro   0x00000000000166ba       0x10 ./Core/Src/mainpp.o
 .debug_macro   0x00000000000166ca       0x1c ./Core/Src/mainpp.o
 .debug_macro   0x00000000000166e6       0xde ./Core/Src/mainpp.o
 .debug_macro   0x00000000000167c4      0x3cd ./Core/Src/mainpp.o
 .debug_macro   0x0000000000016b91      0x1c4 ./Core/Src/stm32f4xx_hal_msp.o
 .debug_macro   0x0000000000016d55      0x1ce ./Core/Src/stm32f4xx_it.o
 .debug_macro   0x0000000000016f23       0xff ./Core/Src/sysmem.o
 .debug_macro   0x0000000000017022      0x23c ./Core/Src/sysmem.o
 .debug_macro   0x000000000001725e      0x1ba ./Core/Src/system_stm32f4xx.o
 .debug_macro   0x0000000000017418      0x1c1 ./Core/Src/time.o
 .debug_macro   0x00000000000175d9      0x21a ./Drivers/STM32F4xx_HAL_Driver/Src/stm32f4xx_hal.o
 .debug_macro   0x00000000000177f3      0x1ba ./Drivers/STM32F4xx_HAL_Driver/Src/stm32f4xx_hal_cortex.o
 .debug_macro   0x00000000000179ad      0x1c0 ./Drivers/STM32F4xx_HAL_Driver/Src/stm32f4xx_hal_dma.o
 .debug_macro   0x0000000000017b6d      0x1c0 ./Drivers/STM32F4xx_HAL_Driver/Src/stm32f4xx_hal_gpio.o
 .debug_macro   0x0000000000017d2d      0x1de ./Drivers/STM32F4xx_HAL_Driver/Src/stm32f4xx_hal_rcc.o
 .debug_macro   0x0000000000017f0b      0x1bb ./Drivers/STM32F4xx_HAL_Driver/Src/stm32f4xx_hal_uart.o

.debug_line     0x0000000000000000     0xbaa8
 .debug_line    0x0000000000000000      0xa08 ./Core/Src/BufferedSerial.o
 .debug_line    0x0000000000000a08      0x751 ./Core/Src/main.o
 .debug_line    0x0000000000001159     0x2228 ./Core/Src/mainpp.o
 .debug_line    0x0000000000003381      0x702 ./Core/Src/stm32f4xx_hal_msp.o
 .debug_line    0x0000000000003a83      0x76d ./Core/Src/stm32f4xx_it.o
 .debug_line    0x00000000000041f0      0x4b8 ./Core/Src/sysmem.o
 .debug_line    0x00000000000046a8      0x6e4 ./Core/Src/system_stm32f4xx.o
 .debug_line    0x0000000000004d8c      0x948 ./Core/Src/time.o
 .debug_line    0x00000000000056d4       0x7a ./Core/Startup/startup_stm32f411vetx.o
 .debug_line    0x000000000000574e      0x94a ./Drivers/STM32F4xx_HAL_Driver/Src/stm32f4xx_hal.o
 .debug_line    0x0000000000006098      0xc16 ./Drivers/STM32F4xx_HAL_Driver/Src/stm32f4xx_hal_cortex.o
 .debug_line    0x0000000000006cae      0xeae ./Drivers/STM32F4xx_HAL_Driver/Src/stm32f4xx_hal_dma.o
 .debug_line    0x0000000000007b5c      0xa82 ./Drivers/STM32F4xx_HAL_Driver/Src/stm32f4xx_hal_gpio.o
 .debug_line    0x00000000000085de      0xcc3 ./Drivers/STM32F4xx_HAL_Driver/Src/stm32f4xx_hal_rcc.o
 .debug_line    0x00000000000092a1     0x2807 ./Drivers/STM32F4xx_HAL_Driver/Src/stm32f4xx_hal_uart.o

.debug_str      0x0000000000000000    0x8b6bc
 .debug_str     0x0000000000000000    0x8388a ./Core/Src/BufferedSerial.o
                                      0x83c35 (size before relaxing)
 .debug_str     0x000000000008388a      0x8d0 ./Core/Src/main.o
                                      0x80890 (size before relaxing)
 .debug_str     0x000000000008415a     0x5756 ./Core/Src/mainpp.o
                                      0x89506 (size before relaxing)
 .debug_str     0x00000000000898b0       0xf1 ./Core/Src/stm32f4xx_hal_msp.o
                                      0x807db (size before relaxing)
 .debug_str     0x00000000000899a1      0x132 ./Core/Src/stm32f4xx_it.o
                                      0x802c8 (size before relaxing)
 .debug_str     0x0000000000089ad3      0x534 ./Core/Src/sysmem.o
                                       0x604b (size before relaxing)
 .debug_str     0x000000000008a007       0xdb ./Core/Src/system_stm32f4xx.o
                                      0x7fef3 (size before relaxing)
 .debug_str     0x000000000008a0e2       0x71 ./Core/Src/time.o
                                       0xa7e0 (size before relaxing)
 .debug_str     0x000000000008a153       0x34 ./Core/Startup/startup_stm32f411vetx.o
                                         0x5d (size before relaxing)
 .debug_str     0x000000000008a187      0x5e4 ./Drivers/STM32F4xx_HAL_Driver/Src/stm32f4xx_hal.o
                                      0x8091f (size before relaxing)
 .debug_str     0x000000000008a76b      0x327 ./Drivers/STM32F4xx_HAL_Driver/Src/stm32f4xx_hal_cortex.o
                                      0x80657 (size before relaxing)
 .debug_str     0x000000000008aa92      0x2f9 ./Drivers/STM32F4xx_HAL_Driver/Src/stm32f4xx_hal_dma.o
                                      0x802fb (size before relaxing)
 .debug_str     0x000000000008ad8b      0x14a ./Drivers/STM32F4xx_HAL_Driver/Src/stm32f4xx_hal_gpio.o
                                      0x8006e (size before relaxing)
 .debug_str     0x000000000008aed5      0x233 ./Drivers/STM32F4xx_HAL_Driver/Src/stm32f4xx_hal_rcc.o
                                      0x80327 (size before relaxing)
 .debug_str     0x000000000008b108      0x5b4 ./Drivers/STM32F4xx_HAL_Driver/Src/stm32f4xx_hal_uart.o
                                      0x808f6 (size before relaxing)

.debug_frame    0x0000000000000000     0x2b3c
 .debug_frame   0x0000000000000000      0x1a4 ./Core/Src/BufferedSerial.o
 .debug_frame   0x00000000000001a4       0xd0 ./Core/Src/main.o
 .debug_frame   0x0000000000000274      0x9e8 ./Core/Src/mainpp.o
 .debug_frame   0x0000000000000c5c       0x7c ./Core/Src/stm32f4xx_hal_msp.o
 .debug_frame   0x0000000000000cd8      0x158 ./Core/Src/stm32f4xx_it.o
 .debug_frame   0x0000000000000e30       0x34 ./Core/Src/sysmem.o
 .debug_frame   0x0000000000000e64       0x58 ./Core/Src/system_stm32f4xx.o
 .debug_frame   0x0000000000000ebc       0xf0 ./Core/Src/time.o
 .debug_frame   0x0000000000000fac      0x374 ./Drivers/STM32F4xx_HAL_Driver/Src/stm32f4xx_hal.o
 .debug_frame   0x0000000000001320      0x4b8 ./Drivers/STM32F4xx_HAL_Driver/Src/stm32f4xx_hal_cortex.o
 .debug_frame   0x00000000000017d8      0x250 ./Drivers/STM32F4xx_HAL_Driver/Src/stm32f4xx_hal_dma.o
 .debug_frame   0x0000000000001a28      0x14c ./Drivers/STM32F4xx_HAL_Driver/Src/stm32f4xx_hal_gpio.o
 .debug_frame   0x0000000000001b74      0x1f4 ./Drivers/STM32F4xx_HAL_Driver/Src/stm32f4xx_hal_rcc.o
 .debug_frame   0x0000000000001d68      0x954 ./Drivers/STM32F4xx_HAL_Driver/Src/stm32f4xx_hal_uart.o
 .debug_frame   0x00000000000026bc       0x20 /opt/st/stm32cubeide_1.14.0/plugins/com.st.stm32cube.ide.mcu.externaltools.gnu-tools-for-stm32.11.3.rel1.linux64_1.1.100.202309141235/tools/bin/../lib/gcc/arm-none-eabi/11.3.1/../../../../arm-none-eabi/lib/thumb/v7e-m+fp/hard/libc_nano.a(libc_a-realloc.o)
 .debug_frame   0x00000000000026dc       0x3c /opt/st/stm32cubeide_1.14.0/plugins/com.st.stm32cube.ide.mcu.externaltools.gnu-tools-for-stm32.11.3.rel1.linux64_1.1.100.202309141235/tools/bin/../lib/gcc/arm-none-eabi/11.3.1/../../../../arm-none-eabi/lib/thumb/v7e-m+fp/hard/libc_nano.a(libc_a-reallocr.o)
 .debug_frame   0x0000000000002718      0x144 /opt/st/stm32cubeide_1.14.0/plugins/com.st.stm32cube.ide.mcu.externaltools.gnu-tools-for-stm32.11.3.rel1.linux64_1.1.100.202309141235/tools/bin/../lib/gcc/arm-none-eabi/11.3.1/../../../../arm-none-eabi/lib/thumb/v7e-m+fp/hard/libc_nano.a(libc_a-findfp.o)
 .debug_frame   0x000000000000285c       0x20 /opt/st/stm32cubeide_1.14.0/plugins/com.st.stm32cube.ide.mcu.externaltools.gnu-tools-for-stm32.11.3.rel1.linux64_1.1.100.202309141235/tools/bin/../lib/gcc/arm-none-eabi/11.3.1/../../../../arm-none-eabi/lib/thumb/v7e-m+fp/hard/libc_nano.a(libc_a-memset.o)
 .debug_frame   0x000000000000287c       0x38 /opt/st/stm32cubeide_1.14.0/plugins/com.st.stm32cube.ide.mcu.externaltools.gnu-tools-for-stm32.11.3.rel1.linux64_1.1.100.202309141235/tools/bin/../lib/gcc/arm-none-eabi/11.3.1/../../../../arm-none-eabi/lib/thumb/v7e-m+fp/hard/libc_nano.a(libc_a-reent.o)
 .debug_frame   0x00000000000028b4       0x20 /opt/st/stm32cubeide_1.14.0/plugins/com.st.stm32cube.ide.mcu.externaltools.gnu-tools-for-stm32.11.3.rel1.linux64_1.1.100.202309141235/tools/bin/../lib/gcc/arm-none-eabi/11.3.1/../../../../arm-none-eabi/lib/thumb/v7e-m+fp/hard/libc_nano.a(libc_a-errno.o)
 .debug_frame   0x00000000000028d4       0x2c /opt/st/stm32cubeide_1.14.0/plugins/com.st.stm32cube.ide.mcu.externaltools.gnu-tools-for-stm32.11.3.rel1.linux64_1.1.100.202309141235/tools/bin/../lib/gcc/arm-none-eabi/11.3.1/../../../../arm-none-eabi/lib/thumb/v7e-m+fp/hard/libc_nano.a(libc_a-init.o)
 .debug_frame   0x0000000000002900       0xb0 /opt/st/stm32cubeide_1.14.0/plugins/com.st.stm32cube.ide.mcu.externaltools.gnu-tools-for-stm32.11.3.rel1.linux64_1.1.100.202309141235/tools/bin/../lib/gcc/arm-none-eabi/11.3.1/../../../../arm-none-eabi/lib/thumb/v7e-m+fp/hard/libc_nano.a(libc_a-lock.o)
 .debug_frame   0x00000000000029b0       0x28 /opt/st/stm32cubeide_1.14.0/plugins/com.st.stm32cube.ide.mcu.externaltools.gnu-tools-for-stm32.11.3.rel1.linux64_1.1.100.202309141235/tools/bin/../lib/gcc/arm-none-eabi/11.3.1/../../../../arm-none-eabi/lib/thumb/v7e-m+fp/hard/libc_nano.a(libc_a-memcpy-stub.o)
 .debug_frame   0x00000000000029d8       0x38 /opt/st/stm32cubeide_1.14.0/plugins/com.st.stm32cube.ide.mcu.externaltools.gnu-tools-for-stm32.11.3.rel1.linux64_1.1.100.202309141235/tools/bin/../lib/gcc/arm-none-eabi/11.3.1/../../../../arm-none-eabi/lib/thumb/v7e-m+fp/hard/libc_nano.a(libc_a-freer.o)
 .debug_frame   0x0000000000002a10       0x50 /opt/st/stm32cubeide_1.14.0/plugins/com.st.stm32cube.ide.mcu.externaltools.gnu-tools-for-stm32.11.3.rel1.linux64_1.1.100.202309141235/tools/bin/../lib/gcc/arm-none-eabi/11.3.1/../../../../arm-none-eabi/lib/thumb/v7e-m+fp/hard/libc_nano.a(libc_a-mallocr.o)
 .debug_frame   0x0000000000002a60       0x30 /opt/st/stm32cubeide_1.14.0/plugins/com.st.stm32cube.ide.mcu.externaltools.gnu-tools-for-stm32.11.3.rel1.linux64_1.1.100.202309141235/tools/bin/../lib/gcc/arm-none-eabi/11.3.1/../../../../arm-none-eabi/lib/thumb/v7e-m+fp/hard/libc_nano.a(libc_a-mlock.o)
 .debug_frame   0x0000000000002a90       0x20 /opt/st/stm32cubeide_1.14.0/plugins/com.st.stm32cube.ide.mcu.externaltools.gnu-tools-for-stm32.11.3.rel1.linux64_1.1.100.202309141235/tools/bin/../lib/gcc/arm-none-eabi/11.3.1/../../../../arm-none-eabi/lib/thumb/v7e-m+fp/hard/libc_nano.a(libc_a-msizer.o)
 .debug_frame   0x0000000000002ab0       0x2c /opt/st/stm32cubeide_1.14.0/plugins/com.st.stm32cube.ide.mcu.externaltools.gnu-tools-for-stm32.11.3.rel1.linux64_1.1.100.202309141235/tools/bin/../lib/gcc/arm-none-eabi/11.3.1/../../../../arm-none-eabi/lib/thumb/v7e-m+fp/hard/libc_nano.a(libc_a-sbrkr.o)